ARM Linker, 5.03 [Build 76] [MDK-ARM Professional]

==============================================================================

Section Cross References

    system_stm32f1xx.o(.text) refers to system_stm32f1xx.o(.data) for .data
    system_stm32f1xx.o(.text) refers to system_stm32f1xx.o(.constdata) for .constdata
    stm32f1xx_hal_tim.o(.text) refers to stm32f1xx_hal_msp.o(.text) for HAL_TIM_Base_MspInit
    stm32f1xx_hal_tim.o(.text) refers to stm32f1xx_hal_dma.o(.text) for HAL_DMA_Start_IT
    stm32f1xx_hal_tim.o(.text) refers to stm32f1xx_hal_tim_ex.o(.text) for HAL_TIMEx_BreakCallback
    stm32f1xx_hal_flash_ex.o(.text) refers to stm32f1xx_hal_flash.o(.text) for FLASH_WaitForLastOperation
    stm32f1xx_hal_flash_ex.o(.text) refers to stm32f1xx_hal_flash.o(.bss) for pFlash
    stm32f1xx_hal.o(.text) refers to stm32f1xx_hal_rcc.o(.text) for HAL_RCC_GetHCLKFreq
    stm32f1xx_hal.o(.text) refers to stm32f1xx_hal_cortex.o(.text) for HAL_SYSTICK_Config
    stm32f1xx_hal.o(.text) refers to stm32f1xx_hal_msp.o(.text) for HAL_MspInit
    stm32f1xx_hal.o(.text) refers to stm32f1xx_hal.o(.data) for .data
    stm32f1xx_hal_dma.o(.text) refers to stm32f1xx_hal.o(.text) for HAL_GetTick
    stm32f1xx_hal_rcc.o(.text) refers to stm32f1xx_hal.o(.text) for HAL_GetTick
    stm32f1xx_hal_rcc.o(.text) refers to stm32f1xx_hal_gpio.o(.text) for HAL_GPIO_Init
    stm32f1xx_hal_rcc.o(.text) refers to stm32f1xx_hal_rcc.o(.constdata) for .constdata
    stm32f1xx_hal_rcc.o(.text) refers to system_stm32f1xx.o(.data) for SystemCoreClock
    stm32f1xx_hal_flash.o(.text) refers to stm32f1xx_hal.o(.text) for HAL_GetTick
    stm32f1xx_hal_flash.o(.text) refers to llushr.o(.text) for __aeabi_llsr
    stm32f1xx_hal_flash.o(.text) refers to stm32f1xx_hal_flash_ex.o(.text) for FLASH_PageErase
    stm32f1xx_hal_flash.o(.text) refers to stm32f1xx_hal_cortex.o(.text) for HAL_NVIC_SystemReset
    stm32f1xx_hal_flash.o(.text) refers to stm32f1xx_hal_flash.o(.bss) for .bss
    stm32f1xx_hal_rcc_ex.o(.text) refers to stm32f1xx_hal.o(.text) for HAL_GetTick
    stm32f1xx_hal_rcc_ex.o(.text) refers to stm32f1xx_hal_rcc.o(.text) for HAL_RCC_GetPCLK2Freq
    stm32f1xx_hal_tim_ex.o(.text) refers to stm32f1xx_hal_tim.o(.text) for TIM_Base_SetConfig
    stm32f1xx_hal_tim_ex.o(.text) refers to stm32f1xx_hal_dma.o(.text) for HAL_DMA_Start_IT
    main.o(.text) refers to stm32f1xx_hal_rcc.o(.text) for HAL_RCC_OscConfig
    main.o(.text) refers to stm32f1xx_hal_cortex.o(.text) for HAL_SYSTICK_Config
    main.o(.text) refers to stm32f1xx_hal.o(.text) for HAL_Init
    main.o(.text) refers to stm32f1xx_hal_tim.o(.text) for HAL_TIM_PWM_Start
    main.o(.text) refers to stm32f1xx_hal_tim_ex.o(.text) for HAL_TIMEx_MasterConfigSynchronization
    main.o(.text) refers to main.o(.bss) for .bss
    stm32f1xx_it.o(.text) refers to stm32f1xx_hal_rcc.o(.text) for HAL_RCC_NMI_IRQHandler
    stm32f1xx_it.o(.text) refers to stm32f1xx_hal.o(.text) for HAL_IncTick
    stm32f1xx_it.o(.text) refers to stm32f1xx_hal_cortex.o(.text) for HAL_SYSTICK_IRQHandler
    stm32f1xx_hal_msp.o(.text) refers to stm32f1xx_hal_cortex.o(.text) for HAL_NVIC_SetPriorityGrouping
    stm32f1xx_hal_msp.o(.text) refers to stm32f1xx_hal_gpio.o(.text) for HAL_GPIO_Init
    startup_stm32f103xb.o(RESET) refers to startup_stm32f103xb.o(STACK) for __initial_sp
    startup_stm32f103xb.o(RESET) refers to startup_stm32f103xb.o(.text) for Reset_Handler
    startup_stm32f103xb.o(RESET) refers to stm32f1xx_it.o(.text) for NMI_Handler
    startup_stm32f103xb.o(.text) refers to system_stm32f1xx.o(.text) for SystemInit
    startup_stm32f103xb.o(.text) refers to entry.o(.ARM.Collect$$$$00000000) for __main
    entry.o(.ARM.Collect$$$$00000000) refers (Special) to entry10a.o(.ARM.Collect$$$$0000000D) for __rt_final_cpp
    entry.o(.ARM.Collect$$$$00000000) refers (Special) to entry11a.o(.ARM.Collect$$$$0000000F) for __rt_final_exit
    entry.o(.ARM.Collect$$$$00000000) refers (Special) to entry7b.o(.ARM.Collect$$$$00000008) for _main_clock
    entry.o(.ARM.Collect$$$$00000000) refers (Special) to entry8b.o(.ARM.Collect$$$$0000000A) for _main_cpp_init
    entry.o(.ARM.Collect$$$$00000000) refers (Special) to entry9a.o(.ARM.Collect$$$$0000000B) for _main_init
    entry.o(.ARM.Collect$$$$00000000) refers (Special) to entry5.o(.ARM.Collect$$$$00000004) for _main_scatterload
    entry.o(.ARM.Collect$$$$00000000) refers (Special) to entry2.o(.ARM.Collect$$$$00000001) for _main_stk
    entry2.o(.ARM.Collect$$$$00000001) refers to entry2.o(.ARM.Collect$$$$00002712) for __lit__00000000
    entry2.o(.ARM.Collect$$$$00002712) refers to startup_stm32f103xb.o(STACK) for __initial_sp
    entry2.o(__vectab_stack_and_reset_area) refers to startup_stm32f103xb.o(STACK) for __initial_sp
    entry2.o(__vectab_stack_and_reset_area) refers to entry.o(.ARM.Collect$$$$00000000) for __main
    entry5.o(.ARM.Collect$$$$00000004) refers to init.o(.text) for __scatterload
    entry9a.o(.ARM.Collect$$$$0000000B) refers to main.o(.text) for main
    entry9b.o(.ARM.Collect$$$$0000000C) refers to main.o(.text) for main
    init.o(.text) refers to entry5.o(.ARM.Collect$$$$00000004) for __main_after_scatterload


==============================================================================

Removing Unused input sections from the image.

    Removing system_stm32f1xx.o(.rev16_text), (4 bytes).
    Removing system_stm32f1xx.o(.revsh_text), (4 bytes).
    Removing system_stm32f1xx.o(.rrx_text), (6 bytes).
    Removing stm32f1xx_hal_gpio.o(.rev16_text), (4 bytes).
    Removing stm32f1xx_hal_gpio.o(.revsh_text), (4 bytes).
    Removing stm32f1xx_hal_gpio.o(.rrx_text), (6 bytes).
    Removing stm32f1xx_hal_pwr.o(.rev16_text), (4 bytes).
    Removing stm32f1xx_hal_pwr.o(.revsh_text), (4 bytes).
    Removing stm32f1xx_hal_pwr.o(.rrx_text), (6 bytes).
    Removing stm32f1xx_hal_pwr.o(.text), (472 bytes).
    Removing stm32f1xx_hal_tim.o(.rev16_text), (4 bytes).
    Removing stm32f1xx_hal_tim.o(.revsh_text), (4 bytes).
    Removing stm32f1xx_hal_tim.o(.rrx_text), (6 bytes).
    Removing stm32f1xx_hal_cortex.o(.rev16_text), (4 bytes).
    Removing stm32f1xx_hal_cortex.o(.revsh_text), (4 bytes).
    Removing stm32f1xx_hal_cortex.o(.rrx_text), (6 bytes).
    Removing stm32f1xx_hal_flash_ex.o(.rev16_text), (4 bytes).
    Removing stm32f1xx_hal_flash_ex.o(.revsh_text), (4 bytes).
    Removing stm32f1xx_hal_flash_ex.o(.rrx_text), (6 bytes).
    Removing stm32f1xx_hal_flash_ex.o(.text), (1012 bytes).
    Removing stm32f1xx_hal.o(.rev16_text), (4 bytes).
    Removing stm32f1xx_hal.o(.revsh_text), (4 bytes).
    Removing stm32f1xx_hal.o(.rrx_text), (6 bytes).
    Removing stm32f1xx_hal_dma.o(.rev16_text), (4 bytes).
    Removing stm32f1xx_hal_dma.o(.revsh_text), (4 bytes).
    Removing stm32f1xx_hal_dma.o(.rrx_text), (6 bytes).
    Removing stm32f1xx_hal_rcc.o(.rev16_text), (4 bytes).
    Removing stm32f1xx_hal_rcc.o(.revsh_text), (4 bytes).
    Removing stm32f1xx_hal_rcc.o(.rrx_text), (6 bytes).
    Removing stm32f1xx_hal_flash.o(.rev16_text), (4 bytes).
    Removing stm32f1xx_hal_flash.o(.revsh_text), (4 bytes).
    Removing stm32f1xx_hal_flash.o(.rrx_text), (6 bytes).
    Removing stm32f1xx_hal_flash.o(.text), (724 bytes).
    Removing stm32f1xx_hal_flash.o(.bss), (32 bytes).
    Removing stm32f1xx_hal_gpio_ex.o(.rev16_text), (4 bytes).
    Removing stm32f1xx_hal_gpio_ex.o(.revsh_text), (4 bytes).
    Removing stm32f1xx_hal_gpio_ex.o(.rrx_text), (6 bytes).
    Removing stm32f1xx_hal_gpio_ex.o(.text), (44 bytes).
    Removing stm32f1xx_hal_rcc_ex.o(.rev16_text), (4 bytes).
    Removing stm32f1xx_hal_rcc_ex.o(.revsh_text), (4 bytes).
    Removing stm32f1xx_hal_rcc_ex.o(.rrx_text), (6 bytes).
    Removing stm32f1xx_hal_rcc_ex.o(.text), (568 bytes).
    Removing stm32f1xx_hal_tim_ex.o(.rev16_text), (4 bytes).
    Removing stm32f1xx_hal_tim_ex.o(.revsh_text), (4 bytes).
    Removing stm32f1xx_hal_tim_ex.o(.rrx_text), (6 bytes).
    Removing main.o(.rev16_text), (4 bytes).
    Removing main.o(.revsh_text), (4 bytes).
    Removing main.o(.rrx_text), (6 bytes).
    Removing stm32f1xx_it.o(.rev16_text), (4 bytes).
    Removing stm32f1xx_it.o(.revsh_text), (4 bytes).
    Removing stm32f1xx_it.o(.rrx_text), (6 bytes).
    Removing stm32f1xx_hal_msp.o(.rev16_text), (4 bytes).
    Removing stm32f1xx_hal_msp.o(.revsh_text), (4 bytes).
    Removing stm32f1xx_hal_msp.o(.rrx_text), (6 bytes).
    Removing startup_stm32f103xb.o(HEAP), (512 bytes).

55 unused section(s) (total 3588 bytes) removed from the image.

==============================================================================

Image Symbol Table

    Local Symbols

    Symbol Name                              Value     Ov Type        Size  Object(Section)

    ../Drivers/CMSIS/Device/ST/STM32F1xx/Source/Templates/arm/startup_stm32f103xb.s 0x00000000   Number         0  startup_stm32f103xb.o ABSOLUTE
    ../Drivers/CMSIS/Device/ST/STM32F1xx/Source/Templates/system_stm32f1xx.c 0x00000000   Number         0  system_stm32f1xx.o ABSOLUTE
    ../Drivers/STM32F1xx_HAL_Driver/Src/stm32f1xx_hal.c 0x00000000   Number         0  stm32f1xx_hal.o ABSOLUTE
    ../Drivers/STM32F1xx_HAL_Driver/Src/stm32f1xx_hal_cortex.c 0x00000000   Number         0  stm32f1xx_hal_cortex.o ABSOLUTE
    ../Drivers/STM32F1xx_HAL_Driver/Src/stm32f1xx_hal_dma.c 0x00000000   Number         0  stm32f1xx_hal_dma.o ABSOLUTE
    ../Drivers/STM32F1xx_HAL_Driver/Src/stm32f1xx_hal_flash.c 0x00000000   Number         0  stm32f1xx_hal_flash.o ABSOLUTE
    ../Drivers/STM32F1xx_HAL_Driver/Src/stm32f1xx_hal_flash_ex.c 0x00000000   Number         0  stm32f1xx_hal_flash_ex.o ABSOLUTE
    ../Drivers/STM32F1xx_HAL_Driver/Src/stm32f1xx_hal_gpio.c 0x00000000   Number         0  stm32f1xx_hal_gpio.o ABSOLUTE
    ../Drivers/STM32F1xx_HAL_Driver/Src/stm32f1xx_hal_gpio_ex.c 0x00000000   Number         0  stm32f1xx_hal_gpio_ex.o ABSOLUTE
    ../Drivers/STM32F1xx_HAL_Driver/Src/stm32f1xx_hal_pwr.c 0x00000000   Number         0  stm32f1xx_hal_pwr.o ABSOLUTE
    ../Drivers/STM32F1xx_HAL_Driver/Src/stm32f1xx_hal_rcc.c 0x00000000   Number         0  stm32f1xx_hal_rcc.o ABSOLUTE
    ../Drivers/STM32F1xx_HAL_Driver/Src/stm32f1xx_hal_rcc_ex.c 0x00000000   Number         0  stm32f1xx_hal_rcc_ex.o ABSOLUTE
    ../Drivers/STM32F1xx_HAL_Driver/Src/stm32f1xx_hal_tim.c 0x00000000   Number         0  stm32f1xx_hal_tim.o ABSOLUTE
    ../Drivers/STM32F1xx_HAL_Driver/Src/stm32f1xx_hal_tim_ex.c 0x00000000   Number         0  stm32f1xx_hal_tim_ex.o ABSOLUTE
    ../Src/main.c                            0x00000000   Number         0  main.o ABSOLUTE
    ../Src/stm32f1xx_hal_msp.c               0x00000000   Number         0  stm32f1xx_hal_msp.o ABSOLUTE
    ../Src/stm32f1xx_it.c                    0x00000000   Number         0  stm32f1xx_it.o ABSOLUTE
    ../clib/microlib/init/entry.s            0x00000000   Number         0  entry9a.o ABSOLUTE
    ../clib/microlib/init/entry.s            0x00000000   Number         0  entry8b.o ABSOLUTE
    ../clib/microlib/init/entry.s            0x00000000   Number         0  entry8a.o ABSOLUTE
    ../clib/microlib/init/entry.s            0x00000000   Number         0  entry7b.o ABSOLUTE
    ../clib/microlib/init/entry.s            0x00000000   Number         0  entry7a.o ABSOLUTE
    ../clib/microlib/init/entry.s            0x00000000   Number         0  entry5.o ABSOLUTE
    ../clib/microlib/init/entry.s            0x00000000   Number         0  entry9b.o ABSOLUTE
    ../clib/microlib/init/entry.s            0x00000000   Number         0  entry2.o ABSOLUTE
    ../clib/microlib/init/entry.s            0x00000000   Number         0  entry.o ABSOLUTE
    ../clib/microlib/init/entry.s            0x00000000   Number         0  entry11b.o ABSOLUTE
    ../clib/microlib/init/entry.s            0x00000000   Number         0  entry11a.o ABSOLUTE
    ../clib/microlib/init/entry.s            0x00000000   Number         0  entry10b.o ABSOLUTE
    ../clib/microlib/init/entry.s            0x00000000   Number         0  entry10a.o ABSOLUTE
    ../clib/microlib/longlong.c              0x00000000   Number         0  llushr.o ABSOLUTE
    ..\Drivers\CMSIS\Device\ST\STM32F1xx\Source\Templates\system_stm32f1xx.c 0x00000000   Number         0  system_stm32f1xx.o ABSOLUTE
    ..\Drivers\STM32F1xx_HAL_Driver\Src\stm32f1xx_hal.c 0x00000000   Number         0  stm32f1xx_hal.o ABSOLUTE
    ..\Drivers\STM32F1xx_HAL_Driver\Src\stm32f1xx_hal_cortex.c 0x00000000   Number         0  stm32f1xx_hal_cortex.o ABSOLUTE
    ..\Drivers\STM32F1xx_HAL_Driver\Src\stm32f1xx_hal_dma.c 0x00000000   Number         0  stm32f1xx_hal_dma.o ABSOLUTE
    ..\Drivers\STM32F1xx_HAL_Driver\Src\stm32f1xx_hal_flash.c 0x00000000   Number         0  stm32f1xx_hal_flash.o ABSOLUTE
    ..\Drivers\STM32F1xx_HAL_Driver\Src\stm32f1xx_hal_flash_ex.c 0x00000000   Number         0  stm32f1xx_hal_flash_ex.o ABSOLUTE
    ..\Drivers\STM32F1xx_HAL_Driver\Src\stm32f1xx_hal_gpio.c 0x00000000   Number         0  stm32f1xx_hal_gpio.o ABSOLUTE
    ..\Drivers\STM32F1xx_HAL_Driver\Src\stm32f1xx_hal_gpio_ex.c 0x00000000   Number         0  stm32f1xx_hal_gpio_ex.o ABSOLUTE
    ..\Drivers\STM32F1xx_HAL_Driver\Src\stm32f1xx_hal_pwr.c 0x00000000   Number         0  stm32f1xx_hal_pwr.o ABSOLUTE
    ..\Drivers\STM32F1xx_HAL_Driver\Src\stm32f1xx_hal_rcc.c 0x00000000   Number         0  stm32f1xx_hal_rcc.o ABSOLUTE
    ..\Drivers\STM32F1xx_HAL_Driver\Src\stm32f1xx_hal_rcc_ex.c 0x00000000   Number         0  stm32f1xx_hal_rcc_ex.o ABSOLUTE
    ..\Drivers\STM32F1xx_HAL_Driver\Src\stm32f1xx_hal_tim.c 0x00000000   Number         0  stm32f1xx_hal_tim.o ABSOLUTE
    ..\Drivers\STM32F1xx_HAL_Driver\Src\stm32f1xx_hal_tim_ex.c 0x00000000   Number         0  stm32f1xx_hal_tim_ex.o ABSOLUTE
    ..\Src\main.c                            0x00000000   Number         0  main.o ABSOLUTE
    ..\Src\stm32f1xx_hal_msp.c               0x00000000   Number         0  stm32f1xx_hal_msp.o ABSOLUTE
    ..\Src\stm32f1xx_it.c                    0x00000000   Number         0  stm32f1xx_it.o ABSOLUTE
    dc.s                                     0x00000000   Number         0  dc.o ABSOLUTE
    handlers.s                               0x00000000   Number         0  handlers.o ABSOLUTE
    init.s                                   0x00000000   Number         0  init.o ABSOLUTE
    RESET                                    0x08000000   Section      236  startup_stm32f103xb.o(RESET)
    .ARM.Collect$$$$00000000                 0x080000ec   Section        0  entry.o(.ARM.Collect$$$$00000000)
    .ARM.Collect$$$$00000001                 0x080000ec   Section        4  entry2.o(.ARM.Collect$$$$00000001)
    .ARM.Collect$$$$00000004                 0x080000f0   Section        4  entry5.o(.ARM.Collect$$$$00000004)
    .ARM.Collect$$$$00000008                 0x080000f4   Section        0  entry7b.o(.ARM.Collect$$$$00000008)
    .ARM.Collect$$$$0000000A                 0x080000f4   Section        0  entry8b.o(.ARM.Collect$$$$0000000A)
    .ARM.Collect$$$$0000000B                 0x080000f4   Section        8  entry9a.o(.ARM.Collect$$$$0000000B)
    .ARM.Collect$$$$0000000D                 0x080000fc   Section        0  entry10a.o(.ARM.Collect$$$$0000000D)
    .ARM.Collect$$$$0000000F                 0x080000fc   Section        0  entry11a.o(.ARM.Collect$$$$0000000F)
    .ARM.Collect$$$$00002712                 0x080000fc   Section        4  entry2.o(.ARM.Collect$$$$00002712)
    __lit__00000000                          0x080000fc   Data           4  entry2.o(.ARM.Collect$$$$00002712)
    .text                                    0x08000100   Section        0  system_stm32f1xx.o(.text)
    .text                                    0x080001bc   Section        0  stm32f1xx_hal_gpio.o(.text)
    .text                                    0x080004b4   Section        0  stm32f1xx_hal_tim.o(.text)
    TIM_DMAPeriodElapsedCplt                 0x08000617   Thumb Code    16  stm32f1xx_hal_tim.o(.text)
    TIM_OC4_SetConfig                        0x080016d7   Thumb Code    64  stm32f1xx_hal_tim.o(.text)
    TIM_OC3_SetConfig                        0x08001717   Thumb Code    82  stm32f1xx_hal_tim.o(.text)
    TIM_OC1_SetConfig                        0x080017bd   Thumb Code    74  stm32f1xx_hal_tim.o(.text)
    TIM_TI2_SetConfig                        0x0800185b   Thumb Code    54  stm32f1xx_hal_tim.o(.text)
    TIM_DMATriggerCplt                       0x08001ba5   Thumb Code    16  stm32f1xx_hal_tim.o(.text)
    TIM_SlaveTimer_SetConfig                 0x08002063   Thumb Code   124  stm32f1xx_hal_tim.o(.text)
    TIM_ETR_SetConfig                        0x080021cb   Thumb Code    20  stm32f1xx_hal_tim.o(.text)
    TIM_ITRx_SetConfig                       0x080021df   Thumb Code    16  stm32f1xx_hal_tim.o(.text)
    TIM_TI1_ConfigInputStage                 0x080021ef   Thumb Code    34  stm32f1xx_hal_tim.o(.text)
    TIM_TI2_ConfigInputStage                 0x08002211   Thumb Code    36  stm32f1xx_hal_tim.o(.text)
    .text                                    0x08002234   Section        0  stm32f1xx_hal_cortex.o(.text)
    NVIC_SetPriority                         0x080023e9   Thumb Code    24  stm32f1xx_hal_cortex.o(.text)
    .text                                    0x0800240c   Section        0  stm32f1xx_hal.o(.text)
    .text                                    0x0800252c   Section        0  stm32f1xx_hal_dma.o(.text)
    DMA_SetConfig                            0x08002c2d   Thumb Code    30  stm32f1xx_hal_dma.o(.text)
    .text                                    0x08002c50   Section        0  stm32f1xx_hal_rcc.o(.text)
    .text                                    0x080037cc   Section        0  stm32f1xx_hal_tim_ex.o(.text)
    TIM_CCxNChannelCmd                       0x0800421d   Thumb Code    22  stm32f1xx_hal_tim_ex.o(.text)
    .text                                    0x08004234   Section        0  main.o(.text)
    MX_TIM2_Init                             0x080042f9   Thumb Code    88  main.o(.text)
    .text                                    0x08004358   Section        0  stm32f1xx_it.o(.text)
    .text                                    0x0800436c   Section        0  stm32f1xx_hal_msp.o(.text)
    .text                                    0x080043ec   Section       36  startup_stm32f103xb.o(.text)
    .text                                    0x08004410   Section       36  init.o(.text)
    i.__scatterload_copy                     0x08004434   Section       14  handlers.o(i.__scatterload_copy)
    i.__scatterload_null                     0x08004442   Section        2  handlers.o(i.__scatterload_null)
    i.__scatterload_zeroinit                 0x08004444   Section       14  handlers.o(i.__scatterload_zeroinit)
    .constdata                               0x08004452   Section       16  system_stm32f1xx.o(.constdata)
    .constdata                               0x08004462   Section       16  stm32f1xx_hal_rcc.o(.constdata)
    .data                                    0x20000000   Section        4  system_stm32f1xx.o(.data)
    .data                                    0x20000004   Section        4  stm32f1xx_hal.o(.data)
    uwTick                                   0x20000004   Data           4  stm32f1xx_hal.o(.data)
    .bss                                     0x20000008   Section       60  main.o(.bss)
    STACK                                    0x20000048   Section     1024  startup_stm32f103xb.o(STACK)

    Global Symbols

    Symbol Name                              Value     Ov Type        Size  Object(Section)

    BuildAttributes$$THM_ISAv4$P$D$K$B$S$PE$A:L22UL41UL21$X:L11$S22US41US21$IEEE1$IW$USESV6$~STKCKD$USESV7$~SHL$OSPACE$EBA8$MICROLIB$REQ8$PRES8$EABIv2 0x00000000   Number         0  anon$$obj.o ABSOLUTE
    __ARM_use_no_argv                        0x00000000   Number         0  main.o ABSOLUTE
    __cpp_initialize__aeabi_                  - Undefined Weak Reference
    __cxa_finalize                            - Undefined Weak Reference
    __decompress                              - Undefined Weak Reference
    _clock_init                               - Undefined Weak Reference
    _microlib_exit                            - Undefined Weak Reference
    __Vectors_Size                           0x000000ec   Number         0  startup_stm32f103xb.o ABSOLUTE
    __Vectors                                0x08000000   Data           4  startup_stm32f103xb.o(RESET)
    __Vectors_End                            0x080000ec   Data           0  startup_stm32f103xb.o(RESET)
    __main                                   0x080000ed   Thumb Code     0  entry.o(.ARM.Collect$$$$00000000)
    _main_stk                                0x080000ed   Thumb Code     0  entry2.o(.ARM.Collect$$$$00000001)
    _main_scatterload                        0x080000f1   Thumb Code     0  entry5.o(.ARM.Collect$$$$00000004)
    __main_after_scatterload                 0x080000f5   Thumb Code     0  entry5.o(.ARM.Collect$$$$00000004)
    _main_clock                              0x080000f5   Thumb Code     0  entry7b.o(.ARM.Collect$$$$00000008)
    _main_cpp_init                           0x080000f5   Thumb Code     0  entry8b.o(.ARM.Collect$$$$0000000A)
    _main_init                               0x080000f5   Thumb Code     0  entry9a.o(.ARM.Collect$$$$0000000B)
    __rt_final_cpp                           0x080000fd   Thumb Code     0  entry10a.o(.ARM.Collect$$$$0000000D)
    __rt_final_exit                          0x080000fd   Thumb Code     0  entry11a.o(.ARM.Collect$$$$0000000F)
    SystemInit                               0x08000101   Thumb Code    56  system_stm32f1xx.o(.text)
    SystemCoreClockUpdate                    0x08000139   Thumb Code    92  system_stm32f1xx.o(.text)
    HAL_GPIO_Init                            0x080001bd   Thumb Code   436  stm32f1xx_hal_gpio.o(.text)
    HAL_GPIO_DeInit                          0x08000371   Thumb Code   204  stm32f1xx_hal_gpio.o(.text)
    HAL_GPIO_ReadPin                         0x0800043d   Thumb Code    10  stm32f1xx_hal_gpio.o(.text)
    HAL_GPIO_WritePin                        0x08000447   Thumb Code    10  stm32f1xx_hal_gpio.o(.text)
    HAL_GPIO_TogglePin                       0x08000451   Thumb Code     8  stm32f1xx_hal_gpio.o(.text)
    HAL_GPIO_LockPin                         0x08000459   Thumb Code    34  stm32f1xx_hal_gpio.o(.text)
    HAL_GPIO_EXTI_Callback                   0x0800047b   Thumb Code     2  stm32f1xx_hal_gpio.o(.text)
    HAL_GPIO_EXTI_IRQHandler                 0x0800047d   Thumb Code    20  stm32f1xx_hal_gpio.o(.text)
    TIM_Base_SetConfig                       0x080004b5   Thumb Code    86  stm32f1xx_hal_tim.o(.text)
    HAL_TIM_Base_Init                        0x0800050d   Thumb Code    54  stm32f1xx_hal_tim.o(.text)
    HAL_TIM_Base_DeInit                      0x08000545   Thumb Code    54  stm32f1xx_hal_tim.o(.text)
    HAL_TIM_Base_Start                       0x0800057b   Thumb Code    26  stm32f1xx_hal_tim.o(.text)
    HAL_TIM_Base_Stop                        0x08000595   Thumb Code    44  stm32f1xx_hal_tim.o(.text)
    HAL_TIM_Base_Start_IT                    0x080005c1   Thumb Code    24  stm32f1xx_hal_tim.o(.text)
    HAL_TIM_Base_Stop_IT                     0x080005d9   Thumb Code    42  stm32f1xx_hal_tim.o(.text)
    HAL_TIM_ErrorCallback                    0x08000603   Thumb Code     2  stm32f1xx_hal_tim.o(.text)
    TIM_DMAError                             0x08000605   Thumb Code    16  stm32f1xx_hal_tim.o(.text)
    HAL_TIM_PeriodElapsedCallback            0x08000615   Thumb Code     2  stm32f1xx_hal_tim.o(.text)
    HAL_TIM_Base_Start_DMA                   0x08000627   Thumb Code    84  stm32f1xx_hal_tim.o(.text)
    HAL_TIM_Base_Stop_DMA                    0x0800067b   Thumb Code    48  stm32f1xx_hal_tim.o(.text)
    HAL_TIM_OC_MspInit                       0x080006ab   Thumb Code     2  stm32f1xx_hal_tim.o(.text)
    HAL_TIM_OC_Init                          0x080006ad   Thumb Code    54  stm32f1xx_hal_tim.o(.text)
    HAL_TIM_OC_MspDeInit                     0x080006e3   Thumb Code     2  stm32f1xx_hal_tim.o(.text)
    HAL_TIM_OC_DeInit                        0x080006e5   Thumb Code    54  stm32f1xx_hal_tim.o(.text)
    TIM_CCxChannelCmd                        0x0800071b   Thumb Code    22  stm32f1xx_hal_tim.o(.text)
    HAL_TIM_OC_Start                         0x08000731   Thumb Code    42  stm32f1xx_hal_tim.o(.text)
    HAL_TIM_OC_Stop                          0x0800075b   Thumb Code    72  stm32f1xx_hal_tim.o(.text)
    HAL_TIM_OC_Start_IT                      0x080007a3   Thumb Code    92  stm32f1xx_hal_tim.o(.text)
    HAL_TIM_OC_Stop_IT                       0x080007ff   Thumb Code   124  stm32f1xx_hal_tim.o(.text)
    HAL_TIM_PWM_PulseFinishedCallback        0x0800087b   Thumb Code     2  stm32f1xx_hal_tim.o(.text)
    TIM_DMADelayPulseCplt                    0x0800087d   Thumb Code    80  stm32f1xx_hal_tim.o(.text)
    HAL_TIM_OC_Start_DMA                     0x080008cd   Thumb Code   220  stm32f1xx_hal_tim.o(.text)
    HAL_TIM_OC_Stop_DMA                      0x080009a9   Thumb Code   130  stm32f1xx_hal_tim.o(.text)
    HAL_TIM_PWM_MspInit                      0x08000a2b   Thumb Code     2  stm32f1xx_hal_tim.o(.text)
    HAL_TIM_PWM_Init                         0x08000a2d   Thumb Code    54  stm32f1xx_hal_tim.o(.text)
    HAL_TIM_PWM_MspDeInit                    0x08000a63   Thumb Code     2  stm32f1xx_hal_tim.o(.text)
    HAL_TIM_PWM_DeInit                       0x08000a65   Thumb Code    54  stm32f1xx_hal_tim.o(.text)
    HAL_TIM_PWM_Start                        0x08000a9b   Thumb Code    42  stm32f1xx_hal_tim.o(.text)
    HAL_TIM_PWM_Stop                         0x08000ac5   Thumb Code    78  stm32f1xx_hal_tim.o(.text)
    HAL_TIM_PWM_Start_IT                     0x08000b13   Thumb Code    92  stm32f1xx_hal_tim.o(.text)
    HAL_TIM_PWM_Stop_IT                      0x08000b6f   Thumb Code   124  stm32f1xx_hal_tim.o(.text)
    HAL_TIM_PWM_Start_DMA                    0x08000beb   Thumb Code   220  stm32f1xx_hal_tim.o(.text)
    HAL_TIM_PWM_Stop_DMA                     0x08000cc7   Thumb Code   134  stm32f1xx_hal_tim.o(.text)
    HAL_TIM_IC_MspInit                       0x08000d4d   Thumb Code     2  stm32f1xx_hal_tim.o(.text)
    HAL_TIM_IC_Init                          0x08000d4f   Thumb Code    54  stm32f1xx_hal_tim.o(.text)
    HAL_TIM_IC_MspDeInit                     0x08000d85   Thumb Code     2  stm32f1xx_hal_tim.o(.text)
    HAL_TIM_IC_DeInit                        0x08000d87   Thumb Code    54  stm32f1xx_hal_tim.o(.text)
    HAL_TIM_IC_Start                         0x08000dbd   Thumb Code    26  stm32f1xx_hal_tim.o(.text)
    HAL_TIM_IC_Stop                          0x08000dd7   Thumb Code    44  stm32f1xx_hal_tim.o(.text)
    HAL_TIM_IC_Start_IT                      0x08000e03   Thumb Code    76  stm32f1xx_hal_tim.o(.text)
    HAL_TIM_IC_Stop_IT                       0x08000e4f   Thumb Code    98  stm32f1xx_hal_tim.o(.text)
    HAL_TIM_IC_CaptureCallback               0x08000eb1   Thumb Code     2  stm32f1xx_hal_tim.o(.text)
    TIM_DMACaptureCplt                       0x08000eb3   Thumb Code    62  stm32f1xx_hal_tim.o(.text)
    HAL_TIM_IC_Start_DMA                     0x08000ef1   Thumb Code   194  stm32f1xx_hal_tim.o(.text)
    HAL_TIM_IC_Stop_DMA                      0x08000fb3   Thumb Code   104  stm32f1xx_hal_tim.o(.text)
    HAL_TIM_OnePulse_MspInit                 0x0800101b   Thumb Code     2  stm32f1xx_hal_tim.o(.text)
    HAL_TIM_OnePulse_Init                    0x0800101d   Thumb Code    74  stm32f1xx_hal_tim.o(.text)
    HAL_TIM_OnePulse_MspDeInit               0x08001067   Thumb Code     2  stm32f1xx_hal_tim.o(.text)
    HAL_TIM_OnePulse_DeInit                  0x08001069   Thumb Code    54  stm32f1xx_hal_tim.o(.text)
    HAL_TIM_OnePulse_Start                   0x0800109f   Thumb Code    44  stm32f1xx_hal_tim.o(.text)
    HAL_TIM_OnePulse_Stop                    0x080010cb   Thumb Code    84  stm32f1xx_hal_tim.o(.text)
    HAL_TIM_OnePulse_Start_IT                0x0800111f   Thumb Code    64  stm32f1xx_hal_tim.o(.text)
    HAL_TIM_OnePulse_Stop_IT                 0x0800115f   Thumb Code   104  stm32f1xx_hal_tim.o(.text)
    HAL_TIM_Encoder_MspInit                  0x080011c7   Thumb Code     2  stm32f1xx_hal_tim.o(.text)
    HAL_TIM_Encoder_Init                     0x080011c9   Thumb Code   150  stm32f1xx_hal_tim.o(.text)
    HAL_TIM_Encoder_MspDeInit                0x0800125f   Thumb Code     2  stm32f1xx_hal_tim.o(.text)
    HAL_TIM_Encoder_DeInit                   0x08001261   Thumb Code    54  stm32f1xx_hal_tim.o(.text)
    HAL_TIM_Encoder_Start                    0x08001297   Thumb Code    50  stm32f1xx_hal_tim.o(.text)
    HAL_TIM_Encoder_Stop                     0x080012c9   Thumb Code    74  stm32f1xx_hal_tim.o(.text)
    HAL_TIM_Encoder_Start_IT                 0x08001313   Thumb Code    92  stm32f1xx_hal_tim.o(.text)
    HAL_TIM_Encoder_Stop_IT                  0x0800136f   Thumb Code   120  stm32f1xx_hal_tim.o(.text)
    HAL_TIM_Encoder_Start_DMA                0x080013e7   Thumb Code   270  stm32f1xx_hal_tim.o(.text)
    HAL_TIM_Encoder_Stop_DMA                 0x080014f5   Thumb Code   120  stm32f1xx_hal_tim.o(.text)
    HAL_TIM_TriggerCallback                  0x0800156d   Thumb Code     2  stm32f1xx_hal_tim.o(.text)
    HAL_TIM_OC_DelayElapsedCallback          0x0800156f   Thumb Code     2  stm32f1xx_hal_tim.o(.text)
    HAL_TIM_IRQHandler                       0x08001571   Thumb Code   358  stm32f1xx_hal_tim.o(.text)
    TIM_OC2_SetConfig                        0x08001769   Thumb Code    84  stm32f1xx_hal_tim.o(.text)
    HAL_TIM_OC_ConfigChannel                 0x08001807   Thumb Code    84  stm32f1xx_hal_tim.o(.text)
    TIM_TI1_SetConfig                        0x08001891   Thumb Code    76  stm32f1xx_hal_tim.o(.text)
    HAL_TIM_IC_ConfigChannel                 0x080018dd   Thumb Code   280  stm32f1xx_hal_tim.o(.text)
    HAL_TIM_PWM_ConfigChannel                0x080019f5   Thumb Code   206  stm32f1xx_hal_tim.o(.text)
    HAL_TIM_OnePulse_ConfigChannel           0x08001ac3   Thumb Code   226  stm32f1xx_hal_tim.o(.text)
    HAL_TIM_DMABurst_WriteStart              0x08001bb5   Thumb Code   250  stm32f1xx_hal_tim.o(.text)
    HAL_TIM_DMABurst_WriteStop               0x08001caf   Thumb Code    96  stm32f1xx_hal_tim.o(.text)
    HAL_TIM_DMABurst_ReadStart               0x08001d0f   Thumb Code   252  stm32f1xx_hal_tim.o(.text)
    HAL_TIM_DMABurst_ReadStop                0x08001e0b   Thumb Code    96  stm32f1xx_hal_tim.o(.text)
    HAL_TIM_GenerateEvent                    0x08001e6b   Thumb Code    38  stm32f1xx_hal_tim.o(.text)
    HAL_TIM_ConfigOCrefClear                 0x08001e91   Thumb Code   190  stm32f1xx_hal_tim.o(.text)
    HAL_TIM_ConfigClockSource                0x08001f4f   Thumb Code   260  stm32f1xx_hal_tim.o(.text)
    HAL_TIM_ConfigTI1Input                   0x08002053   Thumb Code    16  stm32f1xx_hal_tim.o(.text)
    HAL_TIM_SlaveConfigSynchronization       0x080020df   Thumb Code    66  stm32f1xx_hal_tim.o(.text)
    HAL_TIM_SlaveConfigSynchronization_IT    0x08002121   Thumb Code    66  stm32f1xx_hal_tim.o(.text)
    HAL_TIM_ReadCapturedValue                0x08002163   Thumb Code    68  stm32f1xx_hal_tim.o(.text)
    HAL_TIM_Base_GetState                    0x080021a7   Thumb Code     6  stm32f1xx_hal_tim.o(.text)
    HAL_TIM_OC_GetState                      0x080021ad   Thumb Code     6  stm32f1xx_hal_tim.o(.text)
    HAL_TIM_PWM_GetState                     0x080021b3   Thumb Code     6  stm32f1xx_hal_tim.o(.text)
    HAL_TIM_IC_GetState                      0x080021b9   Thumb Code     6  stm32f1xx_hal_tim.o(.text)
    HAL_TIM_OnePulse_GetState                0x080021bf   Thumb Code     6  stm32f1xx_hal_tim.o(.text)
    HAL_TIM_Encoder_GetState                 0x080021c5   Thumb Code     6  stm32f1xx_hal_tim.o(.text)
    HAL_NVIC_SetPriorityGrouping             0x08002235   Thumb Code    26  stm32f1xx_hal_cortex.o(.text)
    HAL_NVIC_SetPriority                     0x0800224f   Thumb Code    60  stm32f1xx_hal_cortex.o(.text)
    HAL_NVIC_EnableIRQ                       0x0800228b   Thumb Code    24  stm32f1xx_hal_cortex.o(.text)
    HAL_NVIC_DisableIRQ                      0x080022a3   Thumb Code    24  stm32f1xx_hal_cortex.o(.text)
    HAL_NVIC_SystemReset                     0x080022bb   Thumb Code    28  stm32f1xx_hal_cortex.o(.text)
    HAL_SYSTICK_Config                       0x080022d7   Thumb Code    40  stm32f1xx_hal_cortex.o(.text)
    HAL_NVIC_GetPriorityGrouping             0x080022ff   Thumb Code    10  stm32f1xx_hal_cortex.o(.text)
    HAL_NVIC_GetPriority                     0x08002309   Thumb Code    74  stm32f1xx_hal_cortex.o(.text)
    HAL_NVIC_SetPendingIRQ                   0x08002353   Thumb Code    24  stm32f1xx_hal_cortex.o(.text)
    HAL_NVIC_GetPendingIRQ                   0x0800236b   Thumb Code    34  stm32f1xx_hal_cortex.o(.text)
    HAL_NVIC_ClearPendingIRQ                 0x0800238d   Thumb Code    24  stm32f1xx_hal_cortex.o(.text)
    HAL_NVIC_GetActive                       0x080023a5   Thumb Code    34  stm32f1xx_hal_cortex.o(.text)
    HAL_SYSTICK_CLKSourceConfig              0x080023c7   Thumb Code    24  stm32f1xx_hal_cortex.o(.text)
    HAL_SYSTICK_Callback                     0x080023df   Thumb Code     2  stm32f1xx_hal_cortex.o(.text)
    HAL_SYSTICK_IRQHandler                   0x080023e1   Thumb Code     8  stm32f1xx_hal_cortex.o(.text)
    HAL_InitTick                             0x0800240f   Thumb Code    34  stm32f1xx_hal.o(.text)
    HAL_Init                                 0x08002431   Thumb Code    32  stm32f1xx_hal.o(.text)
    HAL_MspDeInit                            0x08002451   Thumb Code     2  stm32f1xx_hal.o(.text)
    HAL_DeInit                               0x08002453   Thumb Code    26  stm32f1xx_hal.o(.text)
    HAL_IncTick                              0x0800246d   Thumb Code    10  stm32f1xx_hal.o(.text)
    HAL_GetTick                              0x08002477   Thumb Code     6  stm32f1xx_hal.o(.text)
    HAL_Delay                                0x0800247d   Thumb Code    22  stm32f1xx_hal.o(.text)
    HAL_SuspendTick                          0x08002493   Thumb Code    14  stm32f1xx_hal.o(.text)
    HAL_ResumeTick                           0x080024a1   Thumb Code    14  stm32f1xx_hal.o(.text)
    HAL_GetHalVersion                        0x080024af   Thumb Code     6  stm32f1xx_hal.o(.text)
    HAL_GetREVID                             0x080024b5   Thumb Code    18  stm32f1xx_hal.o(.text)
    HAL_GetDEVID                             0x080024c7   Thumb Code    10  stm32f1xx_hal.o(.text)
    HAL_DBGMCU_EnableDBGSleepMode            0x080024d1   Thumb Code    12  stm32f1xx_hal.o(.text)
    HAL_DBGMCU_DisableDBGSleepMode           0x080024dd   Thumb Code    12  stm32f1xx_hal.o(.text)
    HAL_DBGMCU_EnableDBGStopMode             0x080024e9   Thumb Code    12  stm32f1xx_hal.o(.text)
    HAL_DBGMCU_DisableDBGStopMode            0x080024f5   Thumb Code    12  stm32f1xx_hal.o(.text)
    HAL_DBGMCU_EnableDBGStandbyMode          0x08002501   Thumb Code    12  stm32f1xx_hal.o(.text)
    HAL_DBGMCU_DisableDBGStandbyMode         0x0800250d   Thumb Code    12  stm32f1xx_hal.o(.text)
    HAL_DMA_Init                             0x0800252d   Thumb Code    80  stm32f1xx_hal_dma.o(.text)
    HAL_DMA_DeInit                           0x0800257d   Thumb Code   292  stm32f1xx_hal_dma.o(.text)
    HAL_DMA_Start                            0x080026a1   Thumb Code    58  stm32f1xx_hal_dma.o(.text)
    HAL_DMA_Start_IT                         0x080026db   Thumb Code    88  stm32f1xx_hal_dma.o(.text)
    HAL_DMA_Abort                            0x08002733   Thumb Code    80  stm32f1xx_hal_dma.o(.text)
    HAL_DMA_PollForTransfer                  0x08002783   Thumb Code   568  stm32f1xx_hal_dma.o(.text)
    HAL_DMA_IRQHandler                       0x080029bb   Thumb Code   616  stm32f1xx_hal_dma.o(.text)
    HAL_DMA_GetState                         0x08002c23   Thumb Code     6  stm32f1xx_hal_dma.o(.text)
    HAL_DMA_GetError                         0x08002c29   Thumb Code     4  stm32f1xx_hal_dma.o(.text)
    HAL_RCC_DeInit                           0x08002c51   Thumb Code    60  stm32f1xx_hal_rcc.o(.text)
    HAL_RCC_OscConfig                        0x08002c8d   Thumb Code  1614  stm32f1xx_hal_rcc.o(.text)
    HAL_RCC_ClockConfig                      0x080032db   Thumb Code   640  stm32f1xx_hal_rcc.o(.text)
    HAL_RCC_MCOConfig                        0x0800355b   Thumb Code    62  stm32f1xx_hal_rcc.o(.text)
    HAL_RCC_EnableCSS                        0x08003599   Thumb Code    20  stm32f1xx_hal_rcc.o(.text)
    HAL_RCC_DisableCSS                       0x080035ad   Thumb Code    22  stm32f1xx_hal_rcc.o(.text)
    HAL_RCC_GetSysClockFreq                  0x080035c3   Thumb Code   116  stm32f1xx_hal_rcc.o(.text)
    HAL_RCC_GetHCLKFreq                      0x08003637   Thumb Code    38  stm32f1xx_hal_rcc.o(.text)
    HAL_RCC_GetPCLK1Freq                     0x0800365d   Thumb Code    36  stm32f1xx_hal_rcc.o(.text)
    HAL_RCC_GetPCLK2Freq                     0x08003681   Thumb Code    36  stm32f1xx_hal_rcc.o(.text)
    HAL_RCC_GetOscConfig                     0x080036a5   Thumb Code   212  stm32f1xx_hal_rcc.o(.text)
    HAL_RCC_GetClockConfig                   0x08003779   Thumb Code    54  stm32f1xx_hal_rcc.o(.text)
    HAL_RCC_CSSCallback                      0x080037af   Thumb Code     2  stm32f1xx_hal_rcc.o(.text)
    HAL_RCC_NMI_IRQHandler                   0x080037b1   Thumb Code    20  stm32f1xx_hal_rcc.o(.text)
    HAL_TIMEx_HallSensor_MspInit             0x080037cd   Thumb Code     2  stm32f1xx_hal_tim_ex.o(.text)
    HAL_TIMEx_HallSensor_Init                0x080037cf   Thumb Code   188  stm32f1xx_hal_tim_ex.o(.text)
    HAL_TIMEx_HallSensor_MspDeInit           0x0800388b   Thumb Code     2  stm32f1xx_hal_tim_ex.o(.text)
    HAL_TIMEx_HallSensor_DeInit              0x0800388d   Thumb Code    54  stm32f1xx_hal_tim_ex.o(.text)
    HAL_TIMEx_HallSensor_Start               0x080038c3   Thumb Code    28  stm32f1xx_hal_tim_ex.o(.text)
    HAL_TIMEx_HallSensor_Stop                0x080038df   Thumb Code    46  stm32f1xx_hal_tim_ex.o(.text)
    HAL_TIMEx_HallSensor_Start_IT            0x0800390d   Thumb Code    38  stm32f1xx_hal_tim_ex.o(.text)
    HAL_TIMEx_HallSensor_Stop_IT             0x08003933   Thumb Code    56  stm32f1xx_hal_tim_ex.o(.text)
    HAL_TIMEx_HallSensor_Start_DMA           0x0800396b   Thumb Code    96  stm32f1xx_hal_tim_ex.o(.text)
    HAL_TIMEx_HallSensor_Stop_DMA            0x080039cb   Thumb Code    56  stm32f1xx_hal_tim_ex.o(.text)
    HAL_TIMEx_OCN_Start                      0x08003a03   Thumb Code    36  stm32f1xx_hal_tim_ex.o(.text)
    HAL_TIMEx_OCN_Stop                       0x08003a27   Thumb Code    68  stm32f1xx_hal_tim_ex.o(.text)
    HAL_TIMEx_OCN_Start_IT                   0x08003a6b   Thumb Code    96  stm32f1xx_hal_tim_ex.o(.text)
    HAL_TIMEx_OCN_Stop_IT                    0x08003acb   Thumb Code   136  stm32f1xx_hal_tim_ex.o(.text)
    HAL_TIMEx_OCN_Start_DMA                  0x08003b53   Thumb Code   210  stm32f1xx_hal_tim_ex.o(.text)
    HAL_TIMEx_OCN_Stop_DMA                   0x08003c25   Thumb Code   126  stm32f1xx_hal_tim_ex.o(.text)
    HAL_TIMEx_PWMN_Start                     0x08003ca3   Thumb Code    36  stm32f1xx_hal_tim_ex.o(.text)
    HAL_TIMEx_PWMN_Stop                      0x08003cc7   Thumb Code    68  stm32f1xx_hal_tim_ex.o(.text)
    HAL_TIMEx_PWMN_Start_IT                  0x08003d0b   Thumb Code    96  stm32f1xx_hal_tim_ex.o(.text)
    HAL_TIMEx_PWMN_Stop_IT                   0x08003d6b   Thumb Code   148  stm32f1xx_hal_tim_ex.o(.text)
    HAL_TIMEx_PWMN_Start_DMA                 0x08003dff   Thumb Code   210  stm32f1xx_hal_tim_ex.o(.text)
    HAL_TIMEx_PWMN_Stop_DMA                  0x08003ed1   Thumb Code   126  stm32f1xx_hal_tim_ex.o(.text)
    HAL_TIMEx_OnePulseN_Start                0x08003f4f   Thumb Code    26  stm32f1xx_hal_tim_ex.o(.text)
    HAL_TIMEx_OnePulseN_Stop                 0x08003f69   Thumb Code    68  stm32f1xx_hal_tim_ex.o(.text)
    HAL_TIMEx_OnePulseN_Start_IT             0x08003fad   Thumb Code    46  stm32f1xx_hal_tim_ex.o(.text)
    HAL_TIMEx_OnePulseN_Stop_IT              0x08003fdb   Thumb Code    88  stm32f1xx_hal_tim_ex.o(.text)
    HAL_TIMEx_ConfigCommutationEvent         0x08004033   Thumb Code    92  stm32f1xx_hal_tim_ex.o(.text)
    HAL_TIMEx_ConfigCommutationEvent_IT      0x0800408f   Thumb Code   102  stm32f1xx_hal_tim_ex.o(.text)
    HAL_TIMEx_CommutationCallback            0x080040f5   Thumb Code     2  stm32f1xx_hal_tim_ex.o(.text)
    TIMEx_DMACommutationCplt                 0x080040f7   Thumb Code    16  stm32f1xx_hal_tim_ex.o(.text)
    HAL_TIMEx_ConfigCommutationEvent_DMA     0x08004107   Thumb Code   116  stm32f1xx_hal_tim_ex.o(.text)
    HAL_TIMEx_ConfigBreakDeadTime            0x0800417b   Thumb Code    66  stm32f1xx_hal_tim_ex.o(.text)
    HAL_TIMEx_MasterConfigSynchronization    0x080041bd   Thumb Code    88  stm32f1xx_hal_tim_ex.o(.text)
    HAL_TIMEx_BreakCallback                  0x08004215   Thumb Code     2  stm32f1xx_hal_tim_ex.o(.text)
    HAL_TIMEx_HallSensor_GetState            0x08004217   Thumb Code     6  stm32f1xx_hal_tim_ex.o(.text)
    SystemClock_Config                       0x08004235   Thumb Code    94  main.o(.text)
    main                                     0x08004293   Thumb Code   102  main.o(.text)
    NMI_Handler                              0x08004359   Thumb Code     4  stm32f1xx_it.o(.text)
    SysTick_Handler                          0x0800435d   Thumb Code    14  stm32f1xx_it.o(.text)
    HAL_MspInit                              0x0800436d   Thumb Code    40  stm32f1xx_hal_msp.o(.text)
    HAL_TIM_Base_MspInit                     0x08004395   Thumb Code    52  stm32f1xx_hal_msp.o(.text)
    HAL_TIM_Base_MspDeInit                   0x080043c9   Thumb Code    28  stm32f1xx_hal_msp.o(.text)
    Reset_Handler                            0x080043ed   Thumb Code     8  startup_stm32f103xb.o(.text)
    HardFault_Handler                        0x080043f7   Thumb Code     2  startup_stm32f103xb.o(.text)
    MemManage_Handler                        0x080043f9   Thumb Code     2  startup_stm32f103xb.o(.text)
    BusFault_Handler                         0x080043fb   Thumb Code     2  startup_stm32f103xb.o(.text)
    UsageFault_Handler                       0x080043fd   Thumb Code     2  startup_stm32f103xb.o(.text)
    SVC_Handler                              0x080043ff   Thumb Code     2  startup_stm32f103xb.o(.text)
    DebugMon_Handler                         0x08004401   Thumb Code     2  startup_stm32f103xb.o(.text)
    PendSV_Handler                           0x08004403   Thumb Code     2  startup_stm32f103xb.o(.text)
    ADC1_2_IRQHandler                        0x08004407   Thumb Code     0  startup_stm32f103xb.o(.text)
    CAN1_RX1_IRQHandler                      0x08004407   Thumb Code     0  startup_stm32f103xb.o(.text)
    CAN1_SCE_IRQHandler                      0x08004407   Thumb Code     0  startup_stm32f103xb.o(.text)
    DMA1_Channel1_IRQHandler                 0x08004407   Thumb Code     0  startup_stm32f103xb.o(.text)
    DMA1_Channel2_IRQHandler                 0x08004407   Thumb Code     0  startup_stm32f103xb.o(.text)
    DMA1_Channel3_IRQHandler                 0x08004407   Thumb Code     0  startup_stm32f103xb.o(.text)
    DMA1_Channel4_IRQHandler                 0x08004407   Thumb Code     0  startup_stm32f103xb.o(.text)
    DMA1_Channel5_IRQHandler                 0x08004407   Thumb Code     0  startup_stm32f103xb.o(.text)
    DMA1_Channel6_IRQHandler                 0x08004407   Thumb Code     0  startup_stm32f103xb.o(.text)
    DMA1_Channel7_IRQHandler                 0x08004407   Thumb Code     0  startup_stm32f103xb.o(.text)
    EXTI0_IRQHandler                         0x08004407   Thumb Code     0  startup_stm32f103xb.o(.text)
    EXTI15_10_IRQHandler                     0x08004407   Thumb Code     0  startup_stm32f103xb.o(.text)
    EXTI1_IRQHandler                         0x08004407   Thumb Code     0  startup_stm32f103xb.o(.text)
    EXTI2_IRQHandler                         0x08004407   Thumb Code     0  startup_stm32f103xb.o(.text)
    EXTI3_IRQHandler                         0x08004407   Thumb Code     0  startup_stm32f103xb.o(.text)
    EXTI4_IRQHandler                         0x08004407   Thumb Code     0  startup_stm32f103xb.o(.text)
    EXTI9_5_IRQHandler                       0x08004407   Thumb Code     0  startup_stm32f103xb.o(.text)
    FLASH_IRQHandler                         0x08004407   Thumb Code     0  startup_stm32f103xb.o(.text)
    I2C1_ER_IRQHandler                       0x08004407   Thumb Code     0  startup_stm32f103xb.o(.text)
    I2C1_EV_IRQHandler                       0x08004407   Thumb Code     0  startup_stm32f103xb.o(.text)
    I2C2_ER_IRQHandler                       0x08004407   Thumb Code     0  startup_stm32f103xb.o(.text)
    I2C2_EV_IRQHandler                       0x08004407   Thumb Code     0  startup_stm32f103xb.o(.text)
    PVD_IRQHandler                           0x08004407   Thumb Code     0  startup_stm32f103xb.o(.text)
    RCC_IRQHandler                           0x08004407   Thumb Code     0  startup_stm32f103xb.o(.text)
    RTC_Alarm_IRQHandler                     0x08004407   Thumb Code     0  startup_stm32f103xb.o(.text)
    RTC_IRQHandler                           0x08004407   Thumb Code     0  startup_stm32f103xb.o(.text)
    SPI1_IRQHandler                          0x08004407   Thumb Code     0  startup_stm32f103xb.o(.text)
    SPI2_IRQHandler                          0x08004407   Thumb Code     0  startup_stm32f103xb.o(.text)
    TAMPER_IRQHandler                        0x08004407   Thumb Code     0  startup_stm32f103xb.o(.text)
    TIM1_BRK_IRQHandler                      0x08004407   Thumb Code     0  startup_stm32f103xb.o(.text)
    TIM1_CC_IRQHandler                       0x08004407   Thumb Code     0  startup_stm32f103xb.o(.text)
    TIM1_TRG_COM_IRQHandler                  0x08004407   Thumb Code     0  startup_stm32f103xb.o(.text)
    TIM1_UP_IRQHandler                       0x08004407   Thumb Code     0  startup_stm32f103xb.o(.text)
    TIM2_IRQHandler                          0x08004407   Thumb Code     0  startup_stm32f103xb.o(.text)
    TIM3_IRQHandler                          0x08004407   Thumb Code     0  startup_stm32f103xb.o(.text)
    TIM4_IRQHandler                          0x08004407   Thumb Code     0  startup_stm32f103xb.o(.text)
    USART1_IRQHandler                        0x08004407   Thumb Code     0  startup_stm32f103xb.o(.text)
    USART2_IRQHandler                        0x08004407   Thumb Code     0  startup_stm32f103xb.o(.text)
    USART3_IRQHandler                        0x08004407   Thumb Code     0  startup_stm32f103xb.o(.text)
    USBWakeUp_IRQHandler                     0x08004407   Thumb Code     0  startup_stm32f103xb.o(.text)
    USB_HP_CAN1_TX_IRQHandler                0x08004407   Thumb Code     0  startup_stm32f103xb.o(.text)
    USB_LP_CAN1_RX0_IRQHandler               0x08004407   Thumb Code     0  startup_stm32f103xb.o(.text)
    WWDG_IRQHandler                          0x08004407   Thumb Code     0  startup_stm32f103xb.o(.text)
    __scatterload                            0x08004411   Thumb Code    28  init.o(.text)
    __scatterload_rt2                        0x08004411   Thumb Code     0  init.o(.text)
    __scatterload_copy                       0x08004435   Thumb Code    14  handlers.o(i.__scatterload_copy)
    __scatterload_null                       0x08004443   Thumb Code     2  handlers.o(i.__scatterload_null)
    __scatterload_zeroinit                   0x08004445   Thumb Code    14  handlers.o(i.__scatterload_zeroinit)
    AHBPrescTable                            0x08004452   Data          16  system_stm32f1xx.o(.constdata)
    aAPBAHBPrescTable                        0x08004462   Data          16  stm32f1xx_hal_rcc.o(.constdata)
    Region$$Table$$Base                      0x08004474   Number         0  anon$$obj.o(Region$$Table)
    Region$$Table$$Limit                     0x08004494   Number         0  anon$$obj.o(Region$$Table)
    SystemCoreClock                          0x20000000   Data           4  system_stm32f1xx.o(.data)
    htim2                                    0x20000008   Data          60  main.o(.bss)
    __initial_sp                             0x20000448   Data           0  startup_stm32f103xb.o(STACK)



==============================================================================

Memory Map of the image

  Image Entry point : 0x080000ed

  Load Region LR_IROM1 (Base: 0x08000000, Size: 0x0000449c, Max: 0x00010000, ABSOLUTE)

    Execution Region ER_IROM1 (Base: 0x08000000, Size: 0x00004494, Max: 0x00010000, ABSOLUTE)

    Base Addr    Size         Type   Attr      Idx    E Section Name        Object

    0x08000000   0x000000ec   Data   RO          496    RESET               startup_stm32f103xb.o
    0x080000ec   0x00000000   Code   RO          501  * .ARM.Collect$$$$00000000  mc_w.l(entry.o)
    0x080000ec   0x00000004   Code   RO          506    .ARM.Collect$$$$00000001  mc_w.l(entry2.o)
    0x080000f0   0x00000004   Code   RO          509    .ARM.Collect$$$$00000004  mc_w.l(entry5.o)
    0x080000f4   0x00000000   Code   RO          511    .ARM.Collect$$$$00000008  mc_w.l(entry7b.o)
    0x080000f4   0x00000000   Code   RO          513    .ARM.Collect$$$$0000000A  mc_w.l(entry8b.o)
    0x080000f4   0x00000008   Code   RO          514    .ARM.Collect$$$$0000000B  mc_w.l(entry9a.o)
    0x080000fc   0x00000000   Code   RO          516    .ARM.Collect$$$$0000000D  mc_w.l(entry10a.o)
    0x080000fc   0x00000000   Code   RO          518    .ARM.Collect$$$$0000000F  mc_w.l(entry11a.o)
    0x080000fc   0x00000004   Code   RO          507    .ARM.Collect$$$$00002712  mc_w.l(entry2.o)
    0x08000100   0x000000bc   Code   RO            4    .text               system_stm32f1xx.o
    0x080001bc   0x000002f8   Code   RO          112    .text               stm32f1xx_hal_gpio.o
    0x080004b4   0x00001d80   Code   RO          164    .text               stm32f1xx_hal_tim.o
    0x08002234   0x000001d8   Code   RO          189    .text               stm32f1xx_hal_cortex.o
    0x0800240c   0x00000120   Code   RO          242    .text               stm32f1xx_hal.o
    0x0800252c   0x00000724   Code   RO          268    .text               stm32f1xx_hal_dma.o
    0x08002c50   0x00000b7c   Code   RO          292    .text               stm32f1xx_hal_rcc.o
    0x080037cc   0x00000a66   Code   RO          395    .text               stm32f1xx_hal_tim_ex.o
    0x08004232   0x00000002   PAD
    0x08004234   0x00000124   Code   RO          419    .text               main.o
    0x08004358   0x00000012   Code   RO          446    .text               stm32f1xx_it.o
    0x0800436a   0x00000002   PAD
    0x0800436c   0x00000080   Code   RO          473    .text               stm32f1xx_hal_msp.o
    0x080043ec   0x00000024   Code   RO          497    .text               startup_stm32f103xb.o
    0x08004410   0x00000024   Code   RO          520    .text               mc_w.l(init.o)
    0x08004434   0x0000000e   Code   RO          524    i.__scatterload_copy  mc_w.l(handlers.o)
    0x08004442   0x00000002   Code   RO          525    i.__scatterload_null  mc_w.l(handlers.o)
    0x08004444   0x0000000e   Code   RO          526    i.__scatterload_zeroinit  mc_w.l(handlers.o)
    0x08004452   0x00000010   Data   RO            5    .constdata          system_stm32f1xx.o
    0x08004462   0x00000010   Data   RO          293    .constdata          stm32f1xx_hal_rcc.o
    0x08004472   0x00000002   PAD
    0x08004474   0x00000020   Data   RO          522    Region$$Table       anon$$obj.o


    Execution Region RW_IRAM1 (Base: 0x20000000, Size: 0x00000448, Max: 0x00005000, ABSOLUTE)

    Base Addr    Size         Type   Attr      Idx    E Section Name        Object

    0x20000000   0x00000004   Data   RW            6    .data               system_stm32f1xx.o
    0x20000004   0x00000004   Data   RW          243    .data               stm32f1xx_hal.o
    0x20000008   0x0000003c   Zero   RW          420    .bss                main.o
    0x20000044   0x00000004   PAD
    0x20000048   0x00000400   Zero   RW          494    STACK               startup_stm32f103xb.o


==============================================================================

Image component sizes


      Code (inc. data)   RO Data    RW Data    ZI Data      Debug   Object Name

       292          8          0          0         60       1546   main.o
        36          8        236          0       1024        820   startup_stm32f103xb.o
       288         20          0          4          0       3679   stm32f1xx_hal.o
       472         12          0          0          0      25846   stm32f1xx_hal_cortex.o
      1828         12          0          0          0       4096   stm32f1xx_hal_dma.o
       760         36          0          0          0       3659   stm32f1xx_hal_gpio.o
       128          8          0          0          0       1138   stm32f1xx_hal_msp.o
      2940         86         16          0          0       5449   stm32f1xx_hal_rcc.o
      7552         66          0          0          0      26404   stm32f1xx_hal_tim.o
      2662         20          0          0          0       9612   stm32f1xx_hal_tim_ex.o
        18          0          0          0          0        494   stm32f1xx_it.o
       188         40         16          4          0     240443   system_stm32f1xx.o

    ----------------------------------------------------------------------
     17168        316        302          8       1088     323186   Object Totals
         0          0         32          0          0          0   (incl. Generated)
         4          0          2          0          4          0   (incl. Padding)

    ----------------------------------------------------------------------

      Code (inc. data)   RO Data    RW Data    ZI Data      Debug   Library Member Name

         0          0          0          0          0          0   entry.o
         0          0          0          0          0          0   entry10a.o
         0          0          0          0          0          0   entry11a.o
         8          4          0          0          0          0   entry2.o
         4          0          0          0          0          0   entry5.o
         0          0          0          0          0          0   entry7b.o
         0          0          0          0          0          0   entry8b.o
         8          4          0          0          0          0   entry9a.o
        30          0          0          0          0          0   handlers.o
        36          8          0          0          0         68   init.o

    ----------------------------------------------------------------------
        86         16          0          0          0         68   Library Totals
         0          0          0          0          0          0   (incl. Padding)

    ----------------------------------------------------------------------

      Code (inc. data)   RO Data    RW Data    ZI Data      Debug   Library Name

        86         16          0          0          0         68   mc_w.l

    ----------------------------------------------------------------------
        86         16          0          0          0         68   Library Totals

    ----------------------------------------------------------------------

==============================================================================


      Code (inc. data)   RO Data    RW Data    ZI Data      Debug   

     17254        332        302          8       1088     321902   Grand Totals
     17254        332        302          8       1088     321902   ELF Image Totals
     17254        332        302          8          0          0   ROM Totals

==============================================================================

    Total RO  Size (Code + RO Data)                17556 (  17.14kB)
    Total RW  Size (RW Data + ZI Data)              1096 (   1.07kB)
    Total ROM Size (Code + RO Data + RW Data)      17564 (  17.15kB)

==============================================================================

