<html>
<body>
<pre>
<h1>µVision Build Log</h1>
<h2>Tool Versions:</h2>
IDE-Version: µVision V5.23.0.0
Copyright (C) 2017 ARM Ltd and ARM Germany GmbH. All rights reserved.
License Information: LEW lew, NoNe, LIC=HF856-DP0VF-5BTEB-2LC6L-GN907-ZWARS
 
Tool Versions:
Toolchain:       MDK-ARM Professional  Version: 5.23
Toolchain Path:  C:\Keil\ARM\ARMCC\Bin
C Compiler:      Armcc.exe V5.06 update 4 (build 422)
Assembler:       Armasm.exe V5.06 update 4 (build 422)
Linker/Locator:  ArmLink.exe V5.06 update 4 (build 422)
Library Manager: ArmAr.exe V5.06 update 4 (build 422)
Hex Converter:   FromElf.exe V5.06 update 4 (build 422)
CPU DLL:         SARMCM3.DLL V5.23
Dialog DLL:      DARMCM1.DLL V1.17.0.0
Target DLL:      Segger\JL2CM3.dll V2.99.23.0
Dialog DLL:      TARMCM1.DLL V1.12.0.0
 
<h2>Project:</h2>
D:\Projects ARM\Blink_F030_P\Blink_F030_P.uvprojx
Project File Date:  11/06/2018

<h2>Output:</h2>
*** Using Compiler 'V5.06 update 4 (build 422)', folder: 'C:\Keil\ARM\ARMCC\Bin'
Rebuild target 'STM32F030'
assembling startup_stm32f0xx.s...
compiling stm32f0xx_it.c...
compiling stm32f0xx_gpio.c...
compiling system_stm32f0xx.c...
compiling main.c...
compiling stm32f0xx_rcc.c...
linking...
Program Size: Code=864 RO-data=224 RW-data=8 ZI-data=1632  
FromELF: creating hex file...
".\Objects\Blink_F030_P.axf" - 0 Error(s), 0 Warning(s).

<h2>Collection of Component include folders:</h2>
  .\RTE\_STM32F030
  C:\Keil\ARM\PACK\Keil\STM32F0xx_DFP\2.0.0\Drivers\CMSIS\Device\ST\STM32F0xx\Include

<h2>Collection of Component Files used:</h2>
Build Time Elapsed:  00:00:08
</pre>
</body>
</html>
