<html>
<body>
<pre>
<h1>µVision Build Log</h1>
<h2>Tool Versions:</h2>
IDE-Version: µVision V5.23.0.0
Copyright (C) 2017 ARM Ltd and ARM Germany GmbH. All rights reserved.
License Information: LEW lew, NoNe, LIC=HF856-DP0VF-5BTEB-2LC6L-GN907-ZWARS
 
Tool Versions:
Toolchain:       MDK-ARM Professional  Version: 5.23
Toolchain Path:  C:\Keil\ARM\ARMCC\Bin
C Compiler:      Armcc.exe V5.06 update 4 (build 422)
Assembler:       Armasm.exe V5.06 update 4 (build 422)
Linker/Locator:  ArmLink.exe V5.06 update 4 (build 422)
Library Manager: ArmAr.exe V5.06 update 4 (build 422)
Hex Converter:   FromElf.exe V5.06 update 4 (build 422)
CPU DLL:         SARMCM3.DLL V5.23
Dialog DLL:      DARMSTM.DLL V1.68.0.0
Target DLL:      coocox-agdi.dll V???
Dialog DLL:      TARMSTM.DLL V1.66.0.0
 
<h2>Project:</h2>
D:\Projects ARM\LCDEncHAL\LCDEncHAL.uvproj
Project File Date:  01/10/2016

<h2>Output:</h2>
*** Using Compiler 'V5.06 update 4 (build 422)', folder: 'C:\Keil\ARM\ARMCC\Bin'
Rebuild target 'STM32'
assembling startup_stm32f103xb.s...
compiling system_stm32f1xx.c...
compiling stm32f1xx_hal.c...
compiling stm32f1xx_hal_cortex.c...
compiling stm32f1xx_hal_dma.c...
compiling stm32f1xx_hal_flash.c...
compiling stm32f1xx_hal_flash_ex.c...
compiling stm32f1xx_hal_gpio.c...
compiling stm32f1xx_hal_gpio_ex.c...
compiling stm32f1xx_hal_pwr.c...
compiling stm32f1xx_hal_rcc_ex.c...
compiling stm32f1xx_hal_rcc.c...
compiling stm32f1xx_hal_tim.c...
compiling main.c...
compiling stm32f1xx_hal_tim_ex.c...
compiling stm32f1xx_hal_msp.c...
compiling encoder.c...
compiling stm32f1xx_it.c...
compiling hd44780.c...
linking...
Program Size: Code=19162 RO-data=318 RW-data=32 ZI-data=1144  
FromELF: creating hex file...
After Build - User command #1: fromelf --bin --output .\LCDEncHAL.bin .\LCDEncHAL.axf
".\LCDEncHAL.axf" - 0 Error(s), 0 Warning(s).
Build Time Elapsed:  00:00:12
</pre>
</body>
</html>
