Component: ARM Compiler 5.06 update 4 (build 422) Tool: armlink [4d35d2]

==============================================================================

Section Cross References

    stm32f1xx_hal_rcc.o(.text) refers to stm32f1xx_hal.o(.text) for HAL_GetTick
    stm32f1xx_hal_rcc.o(.text) refers to stm32f1xx_hal_gpio.o(.text) for HAL_GPIO_Init
    stm32f1xx_hal_rcc.o(.text) refers to stm32f1xx_hal_rcc.o(.constdata) for .constdata
    stm32f1xx_hal_rcc.o(.text) refers to system_stm32f1xx.o(.data) for SystemCoreClock
    stm32f1xx_hal_tim_ex.o(.text) refers to stm32f1xx_hal_tim.o(.text) for TIM_Base_SetConfig
    stm32f1xx_hal_tim_ex.o(.text) refers to stm32f1xx_hal_dma.o(.text) for HAL_DMA_Start_IT
    stm32f1xx_hal_tim.o(.text) refers to stm32f1xx_hal_msp.o(.text) for HAL_TIM_Base_MspInit
    stm32f1xx_hal_tim.o(.text) refers to stm32f1xx_hal_dma.o(.text) for HAL_DMA_Start_IT
    stm32f1xx_hal_tim.o(.text) refers to stm32f1xx_hal_tim_ex.o(.text) for HAL_TIMEx_BreakCallback
    stm32f1xx_hal.o(.text) refers to stm32f1xx_hal_rcc.o(.text) for HAL_RCC_GetHCLKFreq
    stm32f1xx_hal.o(.text) refers to stm32f1xx_hal_cortex.o(.text) for HAL_SYSTICK_Config
    stm32f1xx_hal.o(.text) refers to stm32f1xx_hal_msp.o(.text) for HAL_MspInit
    stm32f1xx_hal.o(.text) refers to stm32f1xx_hal.o(.data) for .data
    stm32f1xx_hal_dma.o(.text) refers to stm32f1xx_hal.o(.text) for HAL_GetTick
    stm32f1xx_hal_flash.o(.text) refers to stm32f1xx_hal.o(.text) for HAL_GetTick
    stm32f1xx_hal_flash.o(.text) refers to llushr.o(.text) for __aeabi_llsr
    stm32f1xx_hal_flash.o(.text) refers to stm32f1xx_hal_flash_ex.o(.text) for FLASH_PageErase
    stm32f1xx_hal_flash.o(.text) refers to stm32f1xx_hal_cortex.o(.text) for HAL_NVIC_SystemReset
    stm32f1xx_hal_flash.o(.text) refers to stm32f1xx_hal_flash.o(.bss) for .bss
    stm32f1xx_hal_flash_ex.o(.text) refers to stm32f1xx_hal_flash.o(.text) for FLASH_WaitForLastOperation
    stm32f1xx_hal_flash_ex.o(.text) refers to stm32f1xx_hal_flash.o(.bss) for pFlash
    stm32f1xx_hal_rcc_ex.o(.text) refers to stm32f1xx_hal.o(.text) for HAL_GetTick
    stm32f1xx_hal_rcc_ex.o(.text) refers to stm32f1xx_hal_rcc.o(.text) for HAL_RCC_GetPCLK2Freq
    system_stm32f1xx.o(.text) refers to system_stm32f1xx.o(.data) for .data
    system_stm32f1xx.o(.text) refers to system_stm32f1xx.o(.constdata) for .constdata
    stm32f1xx_it.o(.text) refers to stm32f1xx_hal_rcc.o(.text) for HAL_RCC_NMI_IRQHandler
    stm32f1xx_it.o(.text) refers to stm32f1xx_hal.o(.text) for HAL_IncTick
    stm32f1xx_it.o(.text) refers to stm32f1xx_hal_cortex.o(.text) for HAL_SYSTICK_IRQHandler
    stm32f1xx_it.o(.text) refers to stm32f1xx_hal_tim.o(.text) for HAL_TIM_IRQHandler
    stm32f1xx_it.o(.text) refers to stm32f1xx_hal_gpio.o(.text) for HAL_GPIO_TogglePin
    stm32f1xx_it.o(.text) refers to encoder.o(.text) for EncoderScan
    stm32f1xx_it.o(.text) refers to main.o(.bss) for htim2
    main.o(.text) refers to stm32f1xx_hal_rcc.o(.text) for HAL_RCC_OscConfig
    main.o(.text) refers to stm32f1xx_hal_cortex.o(.text) for HAL_SYSTICK_Config
    main.o(.text) refers to stm32f1xx_hal.o(.text) for HAL_Init
    main.o(.text) refers to stm32f1xx_hal_tim.o(.text) for HAL_TIM_Base_Init
    main.o(.text) refers to stm32f1xx_hal_tim_ex.o(.text) for HAL_TIMEx_MasterConfigSynchronization
    main.o(.text) refers to stm32f1xx_hal_gpio.o(.text) for HAL_GPIO_Init
    main.o(.text) refers to main.o(.bss) for .bss
    main.o(.text) refers to main.o(.data) for .data
    stm32f1xx_hal_msp.o(.text) refers to stm32f1xx_hal_cortex.o(.text) for HAL_NVIC_SetPriorityGrouping
    stm32f1xx_hal_msp.o(.text) refers to stm32f1xx_hal_gpio.o(.text) for HAL_GPIO_Init
    encoder.o(.text) refers to encoder.o(.data) for .data
    encoder.o(.text) refers to main.o(.data) for Vol
    hd44780.o(.text) refers to ffix.o(x$fpl$ffix) for __aeabi_f2iz
    hd44780.o(.text) refers to fflt_clz.o(x$fpl$ffltu) for __aeabi_ui2f
    hd44780.o(.text) refers to fmul.o(x$fpl$fmul) for __aeabi_fmul
    hd44780.o(.text) refers to ffixu.o(x$fpl$ffixu) for __aeabi_f2uiz
    hd44780.o(.text) refers to hd44780.o(.data) for .data
    hd44780.o(.text) refers to hd44780.o(.constdata) for .constdata
    startup_stm32f103xb.o(STACK) refers (Special) to heapauxi.o(.text) for __use_two_region_memory
    startup_stm32f103xb.o(HEAP) refers (Special) to heapauxi.o(.text) for __use_two_region_memory
    startup_stm32f103xb.o(RESET) refers (Special) to heapauxi.o(.text) for __use_two_region_memory
    startup_stm32f103xb.o(RESET) refers to startup_stm32f103xb.o(STACK) for __initial_sp
    startup_stm32f103xb.o(RESET) refers to startup_stm32f103xb.o(.text) for Reset_Handler
    startup_stm32f103xb.o(RESET) refers to stm32f1xx_it.o(.text) for NMI_Handler
    startup_stm32f103xb.o(.text) refers (Special) to heapauxi.o(.text) for __use_two_region_memory
    startup_stm32f103xb.o(.text) refers to system_stm32f1xx.o(.text) for SystemInit
    startup_stm32f103xb.o(.text) refers to __main.o(!!!main) for __main
    startup_stm32f103xb.o(.text) refers to startup_stm32f103xb.o(HEAP) for Heap_Mem
    startup_stm32f103xb.o(.text) refers to startup_stm32f103xb.o(STACK) for Stack_Mem
    __main.o(!!!main) refers to __rtentry.o(.ARM.Collect$$rtentry$$00000000) for __rt_entry
    ffix.o(x$fpl$ffix) refers (Special) to usenofp.o(x$fpl$usenofp) for __I$use$fp
    ffix.o(x$fpl$ffix) refers to fnaninf.o(x$fpl$fnaninf) for __fpl_fnaninf
    ffix.o(x$fpl$ffixr) refers (Special) to usenofp.o(x$fpl$usenofp) for __I$use$fp
    ffix.o(x$fpl$ffixr) refers to fnaninf.o(x$fpl$fnaninf) for __fpl_fnaninf
    ffixu.o(x$fpl$ffixu) refers (Special) to usenofp.o(x$fpl$usenofp) for __I$use$fp
    ffixu.o(x$fpl$ffixu) refers to fnaninf.o(x$fpl$fnaninf) for __fpl_fnaninf
    ffixu.o(x$fpl$ffixur) refers (Special) to usenofp.o(x$fpl$usenofp) for __I$use$fp
    ffixu.o(x$fpl$ffixur) refers to fnaninf.o(x$fpl$fnaninf) for __fpl_fnaninf
    fflt_clz.o(x$fpl$ffltu) refers (Special) to usenofp.o(x$fpl$usenofp) for __I$use$fp
    fflt_clz.o(x$fpl$fflt) refers (Special) to usenofp.o(x$fpl$usenofp) for __I$use$fp
    fflt_clz.o(x$fpl$ffltn) refers (Special) to usenofp.o(x$fpl$usenofp) for __I$use$fp
    fmul.o(x$fpl$fmul) refers (Special) to usenofp.o(x$fpl$usenofp) for __I$use$fp
    fmul.o(x$fpl$fmul) refers to fretinf.o(x$fpl$fretinf) for __fpl_fretinf
    fmul.o(x$fpl$fmul) refers to fnaninf.o(x$fpl$fnaninf) for __fpl_fnaninf
    __rtentry.o(.ARM.Collect$$rtentry$$00000000) refers (Special) to __rtentry2.o(.ARM.Collect$$rtentry$$0000000A) for __rt_entry_li
    __rtentry.o(.ARM.Collect$$rtentry$$00000000) refers (Special) to __rtentry2.o(.ARM.Collect$$rtentry$$0000000D) for __rt_entry_main
    __rtentry.o(.ARM.Collect$$rtentry$$00000000) refers (Special) to __rtentry2.o(.ARM.Collect$$rtentry$$0000000C) for __rt_entry_postli_1
    __rtentry.o(.ARM.Collect$$rtentry$$00000000) refers (Special) to __rtentry2.o(.ARM.Collect$$rtentry$$00000009) for __rt_entry_postsh_1
    __rtentry.o(.ARM.Collect$$rtentry$$00000000) refers (Special) to __rtentry2.o(.ARM.Collect$$rtentry$$00000002) for __rt_entry_presh_1
    __rtentry.o(.ARM.Collect$$rtentry$$00000000) refers (Special) to __rtentry4.o(.ARM.Collect$$rtentry$$00000004) for __rt_entry_sh
    fnaninf.o(x$fpl$fnaninf) refers (Special) to usenofp.o(x$fpl$usenofp) for __I$use$fp
    fretinf.o(x$fpl$fretinf) refers (Special) to usenofp.o(x$fpl$usenofp) for __I$use$fp
    __rtentry2.o(.ARM.Collect$$rtentry$$00000008) refers to boardinit2.o(.text) for _platform_post_stackheap_init
    __rtentry2.o(.ARM.Collect$$rtentry$$0000000A) refers to libinit.o(.ARM.Collect$$libinit$$00000000) for __rt_lib_init
    __rtentry2.o(.ARM.Collect$$rtentry$$0000000B) refers to boardinit3.o(.text) for _platform_post_lib_init
    __rtentry2.o(.ARM.Collect$$rtentry$$0000000D) refers to main.o(.text) for main
    __rtentry2.o(.ARM.Collect$$rtentry$$0000000D) refers to exit.o(.text) for exit
    __rtentry2.o(.ARM.exidx) refers to __rtentry2.o(.ARM.Collect$$rtentry$$00000001) for .ARM.Collect$$rtentry$$00000001
    __rtentry2.o(.ARM.exidx) refers to __rtentry2.o(.ARM.Collect$$rtentry$$00000008) for .ARM.Collect$$rtentry$$00000008
    __rtentry2.o(.ARM.exidx) refers to __rtentry2.o(.ARM.Collect$$rtentry$$0000000A) for .ARM.Collect$$rtentry$$0000000A
    __rtentry2.o(.ARM.exidx) refers to __rtentry2.o(.ARM.Collect$$rtentry$$0000000B) for .ARM.Collect$$rtentry$$0000000B
    __rtentry2.o(.ARM.exidx) refers to __rtentry2.o(.ARM.Collect$$rtentry$$0000000D) for .ARM.Collect$$rtentry$$0000000D
    __rtentry4.o(.ARM.Collect$$rtentry$$00000004) refers to sys_stackheap_outer.o(.text) for __user_setup_stackheap
    __rtentry4.o(.ARM.exidx) refers to __rtentry4.o(.ARM.Collect$$rtentry$$00000004) for .ARM.Collect$$rtentry$$00000004
    sys_stackheap_outer.o(.text) refers to libspace.o(.text) for __user_perproc_libspace
    sys_stackheap_outer.o(.text) refers to startup_stm32f103xb.o(.text) for __user_initial_stackheap
    exit.o(.text) refers to rtexit.o(.ARM.Collect$$rtexit$$00000000) for __rt_exit
    libinit.o(.ARM.Collect$$libinit$$00000000) refers (Special) to libinit2.o(.ARM.Collect$$libinit$$0000002E) for __rt_lib_init_alloca_1
    libinit.o(.ARM.Collect$$libinit$$00000000) refers (Special) to libinit2.o(.ARM.Collect$$libinit$$0000002C) for __rt_lib_init_argv_1
    libinit.o(.ARM.Collect$$libinit$$00000000) refers (Special) to libinit2.o(.ARM.Collect$$libinit$$0000001B) for __rt_lib_init_atexit_1
    libinit.o(.ARM.Collect$$libinit$$00000000) refers (Special) to libinit2.o(.ARM.Collect$$libinit$$00000021) for __rt_lib_init_clock_1
    libinit.o(.ARM.Collect$$libinit$$00000000) refers (Special) to libinit2.o(.ARM.Collect$$libinit$$00000032) for __rt_lib_init_cpp_1
    libinit.o(.ARM.Collect$$libinit$$00000000) refers (Special) to libinit2.o(.ARM.Collect$$libinit$$00000030) for __rt_lib_init_exceptions_1
    libinit.o(.ARM.Collect$$libinit$$00000000) refers (Special) to libinit2.o(.ARM.Collect$$libinit$$00000002) for __rt_lib_init_fp_1
    libinit.o(.ARM.Collect$$libinit$$00000000) refers (Special) to libinit2.o(.ARM.Collect$$libinit$$0000001F) for __rt_lib_init_fp_trap_1
    libinit.o(.ARM.Collect$$libinit$$00000000) refers (Special) to libinit2.o(.ARM.Collect$$libinit$$00000023) for __rt_lib_init_getenv_1
    libinit.o(.ARM.Collect$$libinit$$00000000) refers (Special) to libinit2.o(.ARM.Collect$$libinit$$0000000A) for __rt_lib_init_heap_1
    libinit.o(.ARM.Collect$$libinit$$00000000) refers (Special) to libinit2.o(.ARM.Collect$$libinit$$00000011) for __rt_lib_init_lc_collate_1
    libinit.o(.ARM.Collect$$libinit$$00000000) refers (Special) to libinit2.o(.ARM.Collect$$libinit$$00000013) for __rt_lib_init_lc_ctype_1
    libinit.o(.ARM.Collect$$libinit$$00000000) refers (Special) to libinit2.o(.ARM.Collect$$libinit$$00000015) for __rt_lib_init_lc_monetary_1
    libinit.o(.ARM.Collect$$libinit$$00000000) refers (Special) to libinit2.o(.ARM.Collect$$libinit$$00000017) for __rt_lib_init_lc_numeric_1
    libinit.o(.ARM.Collect$$libinit$$00000000) refers (Special) to libinit2.o(.ARM.Collect$$libinit$$00000019) for __rt_lib_init_lc_time_1
    libinit.o(.ARM.Collect$$libinit$$00000000) refers (Special) to libinit2.o(.ARM.Collect$$libinit$$00000004) for __rt_lib_init_preinit_1
    libinit.o(.ARM.Collect$$libinit$$00000000) refers (Special) to libinit2.o(.ARM.Collect$$libinit$$0000000E) for __rt_lib_init_rand_1
    libinit.o(.ARM.Collect$$libinit$$00000000) refers (Special) to libinit2.o(.ARM.Collect$$libinit$$00000033) for __rt_lib_init_return
    libinit.o(.ARM.Collect$$libinit$$00000000) refers (Special) to libinit2.o(.ARM.Collect$$libinit$$0000001D) for __rt_lib_init_signal_1
    libinit.o(.ARM.Collect$$libinit$$00000000) refers (Special) to libinit2.o(.ARM.Collect$$libinit$$00000025) for __rt_lib_init_stdio_1
    libinit.o(.ARM.Collect$$libinit$$00000000) refers (Special) to libinit2.o(.ARM.Collect$$libinit$$0000000C) for __rt_lib_init_user_alloc_1
    libspace.o(.text) refers to libspace.o(.bss) for __libspace_start
    rtexit.o(.ARM.Collect$$rtexit$$00000000) refers (Special) to rtexit2.o(.ARM.Collect$$rtexit$$00000004) for __rt_exit_exit
    rtexit.o(.ARM.Collect$$rtexit$$00000000) refers (Special) to rtexit2.o(.ARM.Collect$$rtexit$$00000003) for __rt_exit_ls
    rtexit.o(.ARM.Collect$$rtexit$$00000000) refers (Special) to rtexit2.o(.ARM.Collect$$rtexit$$00000002) for __rt_exit_prels_1
    rtexit.o(.ARM.exidx) refers (Special) to rtexit2.o(.ARM.Collect$$rtexit$$00000004) for __rt_exit_exit
    rtexit.o(.ARM.exidx) refers (Special) to rtexit2.o(.ARM.Collect$$rtexit$$00000003) for __rt_exit_ls
    rtexit.o(.ARM.exidx) refers (Special) to rtexit2.o(.ARM.Collect$$rtexit$$00000002) for __rt_exit_prels_1
    rtexit.o(.ARM.exidx) refers to rtexit.o(.ARM.Collect$$rtexit$$00000000) for .ARM.Collect$$rtexit$$00000000
    libinit2.o(.ARM.Collect$$libinit$$00000010) refers to libinit2.o(.ARM.Collect$$libinit$$0000000F) for .ARM.Collect$$libinit$$0000000F
    libinit2.o(.ARM.Collect$$libinit$$00000012) refers to libinit2.o(.ARM.Collect$$libinit$$0000000F) for .ARM.Collect$$libinit$$0000000F
    libinit2.o(.ARM.Collect$$libinit$$00000014) refers to libinit2.o(.ARM.Collect$$libinit$$0000000F) for .ARM.Collect$$libinit$$0000000F
    libinit2.o(.ARM.Collect$$libinit$$00000016) refers to libinit2.o(.ARM.Collect$$libinit$$0000000F) for .ARM.Collect$$libinit$$0000000F
    libinit2.o(.ARM.Collect$$libinit$$00000018) refers to libinit2.o(.ARM.Collect$$libinit$$0000000F) for .ARM.Collect$$libinit$$0000000F
    libinit2.o(.ARM.Collect$$libinit$$00000026) refers to argv_veneer.o(.emb_text) for __ARM_argv_veneer
    libinit2.o(.ARM.Collect$$libinit$$00000027) refers to argv_veneer.o(.emb_text) for __ARM_argv_veneer
    rtexit2.o(.ARM.Collect$$rtexit$$00000003) refers to libshutdown.o(.ARM.Collect$$libshutdown$$00000000) for __rt_lib_shutdown
    rtexit2.o(.ARM.Collect$$rtexit$$00000004) refers to sys_exit.o(.text) for _sys_exit
    rtexit2.o(.ARM.exidx) refers to rtexit2.o(.ARM.Collect$$rtexit$$00000001) for .ARM.Collect$$rtexit$$00000001
    rtexit2.o(.ARM.exidx) refers to rtexit2.o(.ARM.Collect$$rtexit$$00000003) for .ARM.Collect$$rtexit$$00000003
    rtexit2.o(.ARM.exidx) refers to rtexit2.o(.ARM.Collect$$rtexit$$00000004) for .ARM.Collect$$rtexit$$00000004
    argv_veneer.o(.emb_text) refers to no_argv.o(.text) for __ARM_get_argv
    sys_exit.o(.text) refers (Special) to use_no_semi.o(.text) for __I$use$semihosting
    sys_exit.o(.text) refers (Special) to indicate_semi.o(.text) for __semihosting_library_function
    _get_argv_nomalloc.o(.text) refers (Special) to hrguard.o(.text) for __heap_region$guard
    _get_argv_nomalloc.o(.text) refers to defsig_rtmem_outer.o(.text) for __rt_SIGRTMEM
    _get_argv_nomalloc.o(.text) refers to sys_command.o(.text) for _sys_command_string
    libshutdown.o(.ARM.Collect$$libshutdown$$00000000) refers (Special) to libshutdown2.o(.ARM.Collect$$libshutdown$$00000002) for __rt_lib_shutdown_cpp_1
    libshutdown.o(.ARM.Collect$$libshutdown$$00000000) refers (Special) to libshutdown2.o(.ARM.Collect$$libshutdown$$00000007) for __rt_lib_shutdown_fp_trap_1
    libshutdown.o(.ARM.Collect$$libshutdown$$00000000) refers (Special) to libshutdown2.o(.ARM.Collect$$libshutdown$$0000000F) for __rt_lib_shutdown_heap_1
    libshutdown.o(.ARM.Collect$$libshutdown$$00000000) refers (Special) to libshutdown2.o(.ARM.Collect$$libshutdown$$00000010) for __rt_lib_shutdown_return
    libshutdown.o(.ARM.Collect$$libshutdown$$00000000) refers (Special) to libshutdown2.o(.ARM.Collect$$libshutdown$$0000000A) for __rt_lib_shutdown_signal_1
    libshutdown.o(.ARM.Collect$$libshutdown$$00000000) refers (Special) to libshutdown2.o(.ARM.Collect$$libshutdown$$00000004) for __rt_lib_shutdown_stdio_1
    libshutdown.o(.ARM.Collect$$libshutdown$$00000000) refers (Special) to libshutdown2.o(.ARM.Collect$$libshutdown$$0000000C) for __rt_lib_shutdown_user_alloc_1
    sys_command.o(.text) refers (Special) to use_no_semi.o(.text) for __I$use$semihosting
    sys_command.o(.text) refers (Special) to indicate_semi.o(.text) for __semihosting_library_function
    defsig_rtmem_outer.o(.text) refers to defsig_rtmem_inner.o(.text) for __rt_SIGRTMEM_inner
    defsig_rtmem_outer.o(.text) refers to defsig_exit.o(.text) for __sig_exit
    defsig_rtmem_formal.o(.text) refers to rt_raise.o(.text) for __rt_raise
    rt_raise.o(.text) refers to __raise.o(.text) for __raise
    rt_raise.o(.text) refers to sys_exit.o(.text) for _sys_exit
    defsig_exit.o(.text) refers to sys_exit.o(.text) for _sys_exit
    defsig_rtmem_inner.o(.text) refers to defsig_general.o(.text) for __default_signal_display
    __raise.o(.text) refers to defsig.o(CL$$defsig) for __default_signal_handler
    defsig_general.o(.text) refers to sys_wrch.o(.text) for _ttywrch
    sys_wrch.o(.text) refers (Special) to use_no_semi.o(.text) for __I$use$semihosting
    sys_wrch.o(.text) refers (Special) to indicate_semi.o(.text) for __semihosting_library_function
    defsig.o(CL$$defsig) refers to defsig_rtmem_inner.o(.text) for __rt_SIGRTMEM_inner
    defsig_abrt_inner.o(.text) refers to defsig_general.o(.text) for __default_signal_display
    defsig_fpe_inner.o(.text) refers to defsig_general.o(.text) for __default_signal_display
    defsig_rtred_inner.o(.text) refers to defsig_general.o(.text) for __default_signal_display
    defsig_stak_inner.o(.text) refers to defsig_general.o(.text) for __default_signal_display
    defsig_pvfn_inner.o(.text) refers to defsig_general.o(.text) for __default_signal_display
    defsig_cppl_inner.o(.text) refers to defsig_general.o(.text) for __default_signal_display
    defsig_segv_inner.o(.text) refers to defsig_general.o(.text) for __default_signal_display
    defsig_other.o(.text) refers to defsig_general.o(.text) for __default_signal_display


==============================================================================

Removing Unused input sections from the image.

    Removing stm32f1xx_hal_cortex.o(.rev16_text), (4 bytes).
    Removing stm32f1xx_hal_cortex.o(.revsh_text), (4 bytes).
    Removing stm32f1xx_hal_cortex.o(.rrx_text), (6 bytes).
    Removing stm32f1xx_hal_rcc.o(.rev16_text), (4 bytes).
    Removing stm32f1xx_hal_rcc.o(.revsh_text), (4 bytes).
    Removing stm32f1xx_hal_rcc.o(.rrx_text), (6 bytes).
    Removing stm32f1xx_hal_tim_ex.o(.rev16_text), (4 bytes).
    Removing stm32f1xx_hal_tim_ex.o(.revsh_text), (4 bytes).
    Removing stm32f1xx_hal_tim_ex.o(.rrx_text), (6 bytes).
    Removing stm32f1xx_hal_tim.o(.rev16_text), (4 bytes).
    Removing stm32f1xx_hal_tim.o(.revsh_text), (4 bytes).
    Removing stm32f1xx_hal_tim.o(.rrx_text), (6 bytes).
    Removing stm32f1xx_hal.o(.rev16_text), (4 bytes).
    Removing stm32f1xx_hal.o(.revsh_text), (4 bytes).
    Removing stm32f1xx_hal.o(.rrx_text), (6 bytes).
    Removing stm32f1xx_hal_gpio_ex.o(.rev16_text), (4 bytes).
    Removing stm32f1xx_hal_gpio_ex.o(.revsh_text), (4 bytes).
    Removing stm32f1xx_hal_gpio_ex.o(.rrx_text), (6 bytes).
    Removing stm32f1xx_hal_gpio_ex.o(.text), (44 bytes).
    Removing stm32f1xx_hal_dma.o(.rev16_text), (4 bytes).
    Removing stm32f1xx_hal_dma.o(.revsh_text), (4 bytes).
    Removing stm32f1xx_hal_dma.o(.rrx_text), (6 bytes).
    Removing stm32f1xx_hal_flash.o(.rev16_text), (4 bytes).
    Removing stm32f1xx_hal_flash.o(.revsh_text), (4 bytes).
    Removing stm32f1xx_hal_flash.o(.rrx_text), (6 bytes).
    Removing stm32f1xx_hal_flash.o(.text), (724 bytes).
    Removing stm32f1xx_hal_flash.o(.bss), (32 bytes).
    Removing stm32f1xx_hal_gpio.o(.rev16_text), (4 bytes).
    Removing stm32f1xx_hal_gpio.o(.revsh_text), (4 bytes).
    Removing stm32f1xx_hal_gpio.o(.rrx_text), (6 bytes).
    Removing stm32f1xx_hal_flash_ex.o(.rev16_text), (4 bytes).
    Removing stm32f1xx_hal_flash_ex.o(.revsh_text), (4 bytes).
    Removing stm32f1xx_hal_flash_ex.o(.rrx_text), (6 bytes).
    Removing stm32f1xx_hal_flash_ex.o(.text), (1012 bytes).
    Removing stm32f1xx_hal_pwr.o(.rev16_text), (4 bytes).
    Removing stm32f1xx_hal_pwr.o(.revsh_text), (4 bytes).
    Removing stm32f1xx_hal_pwr.o(.rrx_text), (6 bytes).
    Removing stm32f1xx_hal_pwr.o(.text), (472 bytes).
    Removing stm32f1xx_hal_rcc_ex.o(.rev16_text), (4 bytes).
    Removing stm32f1xx_hal_rcc_ex.o(.revsh_text), (4 bytes).
    Removing stm32f1xx_hal_rcc_ex.o(.rrx_text), (6 bytes).
    Removing stm32f1xx_hal_rcc_ex.o(.text), (572 bytes).
    Removing system_stm32f1xx.o(.rev16_text), (4 bytes).
    Removing system_stm32f1xx.o(.revsh_text), (4 bytes).
    Removing system_stm32f1xx.o(.rrx_text), (6 bytes).
    Removing stm32f1xx_it.o(.rev16_text), (4 bytes).
    Removing stm32f1xx_it.o(.revsh_text), (4 bytes).
    Removing stm32f1xx_it.o(.rrx_text), (6 bytes).
    Removing main.o(.rev16_text), (4 bytes).
    Removing main.o(.revsh_text), (4 bytes).
    Removing main.o(.rrx_text), (6 bytes).
    Removing stm32f1xx_hal_msp.o(.rev16_text), (4 bytes).
    Removing stm32f1xx_hal_msp.o(.revsh_text), (4 bytes).
    Removing stm32f1xx_hal_msp.o(.rrx_text), (6 bytes).
    Removing encoder.o(.rev16_text), (4 bytes).
    Removing encoder.o(.revsh_text), (4 bytes).
    Removing encoder.o(.rrx_text), (6 bytes).
    Removing hd44780.o(.rev16_text), (4 bytes).
    Removing hd44780.o(.revsh_text), (4 bytes).
    Removing hd44780.o(.rrx_text), (6 bytes).
    Removing hd44780.o(.text), (1192 bytes).
    Removing hd44780.o(.constdata), (6 bytes).
    Removing hd44780.o(.data), (2 bytes).

63 unused section(s) (total 4308 bytes) removed from the image.

==============================================================================

Image Symbol Table

    Local Symbols

    Symbol Name                              Value     Ov Type        Size  Object(Section)

    ../Drivers/CMSIS/Device/ST/STM32F1xx/Source/Templates/arm/startup_stm32f103xb.s 0x00000000   Number         0  startup_stm32f103xb.o ABSOLUTE
    ../Drivers/CMSIS/Device/ST/STM32F1xx/Source/Templates/system_stm32f1xx.c 0x00000000   Number         0  system_stm32f1xx.o ABSOLUTE
    ../Drivers/STM32F1xx_HAL_Driver/Src/stm32f1xx_hal.c 0x00000000   Number         0  stm32f1xx_hal.o ABSOLUTE
    ../Drivers/STM32F1xx_HAL_Driver/Src/stm32f1xx_hal_cortex.c 0x00000000   Number         0  stm32f1xx_hal_cortex.o ABSOLUTE
    ../Drivers/STM32F1xx_HAL_Driver/Src/stm32f1xx_hal_dma.c 0x00000000   Number         0  stm32f1xx_hal_dma.o ABSOLUTE
    ../Drivers/STM32F1xx_HAL_Driver/Src/stm32f1xx_hal_flash.c 0x00000000   Number         0  stm32f1xx_hal_flash.o ABSOLUTE
    ../Drivers/STM32F1xx_HAL_Driver/Src/stm32f1xx_hal_flash_ex.c 0x00000000   Number         0  stm32f1xx_hal_flash_ex.o ABSOLUTE
    ../Drivers/STM32F1xx_HAL_Driver/Src/stm32f1xx_hal_gpio.c 0x00000000   Number         0  stm32f1xx_hal_gpio.o ABSOLUTE
    ../Drivers/STM32F1xx_HAL_Driver/Src/stm32f1xx_hal_gpio_ex.c 0x00000000   Number         0  stm32f1xx_hal_gpio_ex.o ABSOLUTE
    ../Drivers/STM32F1xx_HAL_Driver/Src/stm32f1xx_hal_pwr.c 0x00000000   Number         0  stm32f1xx_hal_pwr.o ABSOLUTE
    ../Drivers/STM32F1xx_HAL_Driver/Src/stm32f1xx_hal_rcc.c 0x00000000   Number         0  stm32f1xx_hal_rcc.o ABSOLUTE
    ../Drivers/STM32F1xx_HAL_Driver/Src/stm32f1xx_hal_rcc_ex.c 0x00000000   Number         0  stm32f1xx_hal_rcc_ex.o ABSOLUTE
    ../Drivers/STM32F1xx_HAL_Driver/Src/stm32f1xx_hal_tim.c 0x00000000   Number         0  stm32f1xx_hal_tim.o ABSOLUTE
    ../Drivers/STM32F1xx_HAL_Driver/Src/stm32f1xx_hal_tim_ex.c 0x00000000   Number         0  stm32f1xx_hal_tim_ex.o ABSOLUTE
    ../Src/main.c                            0x00000000   Number         0  main.o ABSOLUTE
    ../Src/stm32f1xx_hal_msp.c               0x00000000   Number         0  stm32f1xx_hal_msp.o ABSOLUTE
    ../Src/stm32f1xx_it.c                    0x00000000   Number         0  stm32f1xx_it.o ABSOLUTE
    ../clib/angel/boardlib.s                 0x00000000   Number         0  boardshut.o ABSOLUTE
    ../clib/angel/boardlib.s                 0x00000000   Number         0  boardinit3.o ABSOLUTE
    ../clib/angel/boardlib.s                 0x00000000   Number         0  boardinit2.o ABSOLUTE
    ../clib/angel/boardlib.s                 0x00000000   Number         0  boardinit1.o ABSOLUTE
    ../clib/angel/handlers.s                 0x00000000   Number         0  __scatter_zi.o ABSOLUTE
    ../clib/angel/handlers.s                 0x00000000   Number         0  __scatter_copy.o ABSOLUTE
    ../clib/angel/kernel.s                   0x00000000   Number         0  __rtentry.o ABSOLUTE
    ../clib/angel/kernel.s                   0x00000000   Number         0  __rtentry4.o ABSOLUTE
    ../clib/angel/kernel.s                   0x00000000   Number         0  __rtentry2.o ABSOLUTE
    ../clib/angel/kernel.s                   0x00000000   Number         0  rtexit2.o ABSOLUTE
    ../clib/angel/kernel.s                   0x00000000   Number         0  rtexit.o ABSOLUTE
    ../clib/angel/rt.s                       0x00000000   Number         0  rt_raise.o ABSOLUTE
    ../clib/angel/scatter.s                  0x00000000   Number         0  __scatter.o ABSOLUTE
    ../clib/angel/startup.s                  0x00000000   Number         0  __main.o ABSOLUTE
    ../clib/angel/sys.s                      0x00000000   Number         0  use_no_semi.o ABSOLUTE
    ../clib/angel/sys.s                      0x00000000   Number         0  libspace.o ABSOLUTE
    ../clib/angel/sys.s                      0x00000000   Number         0  sys_stackheap_outer.o ABSOLUTE
    ../clib/angel/sys.s                      0x00000000   Number         0  indicate_semi.o ABSOLUTE
    ../clib/angel/sysapp.c                   0x00000000   Number         0  sys_wrch.o ABSOLUTE
    ../clib/angel/sysapp.c                   0x00000000   Number         0  sys_exit.o ABSOLUTE
    ../clib/angel/sysapp.c                   0x00000000   Number         0  sys_command.o ABSOLUTE
    ../clib/armsys.c                         0x00000000   Number         0  no_argv.o ABSOLUTE
    ../clib/armsys.c                         0x00000000   Number         0  _get_argv_nomalloc.o ABSOLUTE
    ../clib/armsys.c                         0x00000000   Number         0  argv_veneer.o ABSOLUTE
    ../clib/armsys.c                         0x00000000   Number         0  argv_veneer.o ABSOLUTE
    ../clib/heapalloc.c                      0x00000000   Number         0  hrguard.o ABSOLUTE
    ../clib/heapaux.c                        0x00000000   Number         0  heapauxi.o ABSOLUTE
    ../clib/libinit.s                        0x00000000   Number         0  libshutdown.o ABSOLUTE
    ../clib/libinit.s                        0x00000000   Number         0  libshutdown2.o ABSOLUTE
    ../clib/libinit.s                        0x00000000   Number         0  libinit2.o ABSOLUTE
    ../clib/libinit.s                        0x00000000   Number         0  libinit.o ABSOLUTE
    ../clib/longlong.s                       0x00000000   Number         0  llushr.o ABSOLUTE
    ../clib/signal.c                         0x00000000   Number         0  defsig_cppl_inner.o ABSOLUTE
    ../clib/signal.c                         0x00000000   Number         0  defsig_pvfn_inner.o ABSOLUTE
    ../clib/signal.c                         0x00000000   Number         0  defsig_stak_inner.o ABSOLUTE
    ../clib/signal.c                         0x00000000   Number         0  defsig_rtred_inner.o ABSOLUTE
    ../clib/signal.c                         0x00000000   Number         0  defsig_fpe_inner.o ABSOLUTE
    ../clib/signal.c                         0x00000000   Number         0  defsig_abrt_inner.o ABSOLUTE
    ../clib/signal.c                         0x00000000   Number         0  defsig_rtmem_inner.o ABSOLUTE
    ../clib/signal.c                         0x00000000   Number         0  defsig_general.o ABSOLUTE
    ../clib/signal.c                         0x00000000   Number         0  __raise.o ABSOLUTE
    ../clib/signal.c                         0x00000000   Number         0  defsig_exit.o ABSOLUTE
    ../clib/signal.c                         0x00000000   Number         0  defsig_rtmem_formal.o ABSOLUTE
    ../clib/signal.c                         0x00000000   Number         0  defsig_rtmem_outer.o ABSOLUTE
    ../clib/signal.c                         0x00000000   Number         0  defsig_other.o ABSOLUTE
    ../clib/signal.c                         0x00000000   Number         0  defsig_segv_inner.o ABSOLUTE
    ../clib/signal.s                         0x00000000   Number         0  defsig.o ABSOLUTE
    ../clib/stdlib.c                         0x00000000   Number         0  exit.o ABSOLUTE
    ../fplib/ffix.s                          0x00000000   Number         0  ffix.o ABSOLUTE
    ../fplib/ffixu.s                         0x00000000   Number         0  ffixu.o ABSOLUTE
    ../fplib/fflt.s                          0x00000000   Number         0  fflt_clz.o ABSOLUTE
    ../fplib/fmul.s                          0x00000000   Number         0  fmul.o ABSOLUTE
    ../fplib/fnaninf.s                       0x00000000   Number         0  fnaninf.o ABSOLUTE
    ../fplib/fpinit.s                        0x00000000   Number         0  fpinit.o ABSOLUTE
    ../fplib/fretinf.s                       0x00000000   Number         0  fretinf.o ABSOLUTE
    ../fplib/usenofp.s                       0x00000000   Number         0  usenofp.o ABSOLUTE
    ..\Drivers\CMSIS\Device\ST\STM32F1xx\Source\Templates\system_stm32f1xx.c 0x00000000   Number         0  system_stm32f1xx.o ABSOLUTE
    ..\Drivers\STM32F1xx_HAL_Driver\Src\stm32f1xx_hal.c 0x00000000   Number         0  stm32f1xx_hal.o ABSOLUTE
    ..\Drivers\STM32F1xx_HAL_Driver\Src\stm32f1xx_hal_cortex.c 0x00000000   Number         0  stm32f1xx_hal_cortex.o ABSOLUTE
    ..\Drivers\STM32F1xx_HAL_Driver\Src\stm32f1xx_hal_dma.c 0x00000000   Number         0  stm32f1xx_hal_dma.o ABSOLUTE
    ..\Drivers\STM32F1xx_HAL_Driver\Src\stm32f1xx_hal_flash.c 0x00000000   Number         0  stm32f1xx_hal_flash.o ABSOLUTE
    ..\Drivers\STM32F1xx_HAL_Driver\Src\stm32f1xx_hal_flash_ex.c 0x00000000   Number         0  stm32f1xx_hal_flash_ex.o ABSOLUTE
    ..\Drivers\STM32F1xx_HAL_Driver\Src\stm32f1xx_hal_gpio.c 0x00000000   Number         0  stm32f1xx_hal_gpio.o ABSOLUTE
    ..\Drivers\STM32F1xx_HAL_Driver\Src\stm32f1xx_hal_gpio_ex.c 0x00000000   Number         0  stm32f1xx_hal_gpio_ex.o ABSOLUTE
    ..\Drivers\STM32F1xx_HAL_Driver\Src\stm32f1xx_hal_pwr.c 0x00000000   Number         0  stm32f1xx_hal_pwr.o ABSOLUTE
    ..\Drivers\STM32F1xx_HAL_Driver\Src\stm32f1xx_hal_rcc.c 0x00000000   Number         0  stm32f1xx_hal_rcc.o ABSOLUTE
    ..\Drivers\STM32F1xx_HAL_Driver\Src\stm32f1xx_hal_rcc_ex.c 0x00000000   Number         0  stm32f1xx_hal_rcc_ex.o ABSOLUTE
    ..\Drivers\STM32F1xx_HAL_Driver\Src\stm32f1xx_hal_tim.c 0x00000000   Number         0  stm32f1xx_hal_tim.o ABSOLUTE
    ..\Drivers\STM32F1xx_HAL_Driver\Src\stm32f1xx_hal_tim_ex.c 0x00000000   Number         0  stm32f1xx_hal_tim_ex.o ABSOLUTE
    ..\Src\encoder.c                         0x00000000   Number         0  encoder.o ABSOLUTE
    ..\Src\hd44780.c                         0x00000000   Number         0  hd44780.o ABSOLUTE
    ..\Src\main.c                            0x00000000   Number         0  main.o ABSOLUTE
    ..\Src\stm32f1xx_hal_msp.c               0x00000000   Number         0  stm32f1xx_hal_msp.o ABSOLUTE
    ..\Src\stm32f1xx_it.c                    0x00000000   Number         0  stm32f1xx_it.o ABSOLUTE
    ..\\Src\\encoder.c                       0x00000000   Number         0  encoder.o ABSOLUTE
    ..\\Src\\hd44780.c                       0x00000000   Number         0  hd44780.o ABSOLUTE
    dc.s                                     0x00000000   Number         0  dc.o ABSOLUTE
    RESET                                    0x08000000   Section      236  startup_stm32f103xb.o(RESET)
    !!!main                                  0x080000ec   Section        8  __main.o(!!!main)
    !!!scatter                               0x080000f4   Section       52  __scatter.o(!!!scatter)
    !!handler_copy                           0x08000128   Section       26  __scatter_copy.o(!!handler_copy)
    !!handler_zi                             0x08000144   Section       28  __scatter_zi.o(!!handler_zi)
    .ARM.Collect$$libinit$$00000000          0x08000160   Section        2  libinit.o(.ARM.Collect$$libinit$$00000000)
    .ARM.Collect$$libinit$$00000002          0x08000162   Section        0  libinit2.o(.ARM.Collect$$libinit$$00000002)
    .ARM.Collect$$libinit$$00000004          0x08000162   Section        0  libinit2.o(.ARM.Collect$$libinit$$00000004)
    .ARM.Collect$$libinit$$0000000A          0x08000162   Section        0  libinit2.o(.ARM.Collect$$libinit$$0000000A)
    .ARM.Collect$$libinit$$0000000C          0x08000162   Section        0  libinit2.o(.ARM.Collect$$libinit$$0000000C)
    .ARM.Collect$$libinit$$0000000E          0x08000162   Section        0  libinit2.o(.ARM.Collect$$libinit$$0000000E)
    .ARM.Collect$$libinit$$00000011          0x08000162   Section        0  libinit2.o(.ARM.Collect$$libinit$$00000011)
    .ARM.Collect$$libinit$$00000013          0x08000162   Section        0  libinit2.o(.ARM.Collect$$libinit$$00000013)
    .ARM.Collect$$libinit$$00000015          0x08000162   Section        0  libinit2.o(.ARM.Collect$$libinit$$00000015)
    .ARM.Collect$$libinit$$00000017          0x08000162   Section        0  libinit2.o(.ARM.Collect$$libinit$$00000017)
    .ARM.Collect$$libinit$$00000019          0x08000162   Section        0  libinit2.o(.ARM.Collect$$libinit$$00000019)
    .ARM.Collect$$libinit$$0000001B          0x08000162   Section        0  libinit2.o(.ARM.Collect$$libinit$$0000001B)
    .ARM.Collect$$libinit$$0000001D          0x08000162   Section        0  libinit2.o(.ARM.Collect$$libinit$$0000001D)
    .ARM.Collect$$libinit$$0000001F          0x08000162   Section        0  libinit2.o(.ARM.Collect$$libinit$$0000001F)
    .ARM.Collect$$libinit$$00000021          0x08000162   Section        0  libinit2.o(.ARM.Collect$$libinit$$00000021)
    .ARM.Collect$$libinit$$00000023          0x08000162   Section        0  libinit2.o(.ARM.Collect$$libinit$$00000023)
    .ARM.Collect$$libinit$$00000025          0x08000162   Section        0  libinit2.o(.ARM.Collect$$libinit$$00000025)
    .ARM.Collect$$libinit$$0000002C          0x08000162   Section        0  libinit2.o(.ARM.Collect$$libinit$$0000002C)
    .ARM.Collect$$libinit$$0000002E          0x08000162   Section        0  libinit2.o(.ARM.Collect$$libinit$$0000002E)
    .ARM.Collect$$libinit$$00000030          0x08000162   Section        0  libinit2.o(.ARM.Collect$$libinit$$00000030)
    .ARM.Collect$$libinit$$00000032          0x08000162   Section        0  libinit2.o(.ARM.Collect$$libinit$$00000032)
    .ARM.Collect$$libinit$$00000033          0x08000162   Section        2  libinit2.o(.ARM.Collect$$libinit$$00000033)
    .ARM.Collect$$libshutdown$$00000000      0x08000164   Section        2  libshutdown.o(.ARM.Collect$$libshutdown$$00000000)
    .ARM.Collect$$libshutdown$$00000002      0x08000166   Section        0  libshutdown2.o(.ARM.Collect$$libshutdown$$00000002)
    .ARM.Collect$$libshutdown$$00000004      0x08000166   Section        0  libshutdown2.o(.ARM.Collect$$libshutdown$$00000004)
    .ARM.Collect$$libshutdown$$00000007      0x08000166   Section        0  libshutdown2.o(.ARM.Collect$$libshutdown$$00000007)
    .ARM.Collect$$libshutdown$$0000000A      0x08000166   Section        0  libshutdown2.o(.ARM.Collect$$libshutdown$$0000000A)
    .ARM.Collect$$libshutdown$$0000000C      0x08000166   Section        0  libshutdown2.o(.ARM.Collect$$libshutdown$$0000000C)
    .ARM.Collect$$libshutdown$$0000000F      0x08000166   Section        0  libshutdown2.o(.ARM.Collect$$libshutdown$$0000000F)
    .ARM.Collect$$libshutdown$$00000010      0x08000166   Section        2  libshutdown2.o(.ARM.Collect$$libshutdown$$00000010)
    .ARM.Collect$$rtentry$$00000000          0x08000168   Section        0  __rtentry.o(.ARM.Collect$$rtentry$$00000000)
    .ARM.Collect$$rtentry$$00000002          0x08000168   Section        0  __rtentry2.o(.ARM.Collect$$rtentry$$00000002)
    .ARM.Collect$$rtentry$$00000004          0x08000168   Section        6  __rtentry4.o(.ARM.Collect$$rtentry$$00000004)
    .ARM.Collect$$rtentry$$00000009          0x0800016e   Section        0  __rtentry2.o(.ARM.Collect$$rtentry$$00000009)
    .ARM.Collect$$rtentry$$0000000A          0x0800016e   Section        4  __rtentry2.o(.ARM.Collect$$rtentry$$0000000A)
    .ARM.Collect$$rtentry$$0000000C          0x08000172   Section        0  __rtentry2.o(.ARM.Collect$$rtentry$$0000000C)
    .ARM.Collect$$rtentry$$0000000D          0x08000172   Section        8  __rtentry2.o(.ARM.Collect$$rtentry$$0000000D)
    .ARM.Collect$$rtexit$$00000000           0x0800017a   Section        2  rtexit.o(.ARM.Collect$$rtexit$$00000000)
    .ARM.Collect$$rtexit$$00000002           0x0800017c   Section        0  rtexit2.o(.ARM.Collect$$rtexit$$00000002)
    .ARM.Collect$$rtexit$$00000003           0x0800017c   Section        4  rtexit2.o(.ARM.Collect$$rtexit$$00000003)
    .ARM.Collect$$rtexit$$00000004           0x08000180   Section        6  rtexit2.o(.ARM.Collect$$rtexit$$00000004)
    .text                                    0x08000188   Section        0  stm32f1xx_hal_cortex.o(.text)
    NVIC_SetPriority                         0x08000339   Thumb Code    32  stm32f1xx_hal_cortex.o(.text)
    .text                                    0x08000360   Section        0  stm32f1xx_hal_rcc.o(.text)
    .text                                    0x08000eb8   Section        0  stm32f1xx_hal_tim_ex.o(.text)
    TIM_CCxNChannelCmd                       0x08001905   Thumb Code    22  stm32f1xx_hal_tim_ex.o(.text)
    .text                                    0x0800191c   Section        0  stm32f1xx_hal_tim.o(.text)
    TIM_DMAPeriodElapsedCplt                 0x08001a81   Thumb Code    16  stm32f1xx_hal_tim.o(.text)
    TIM_OC4_SetConfig                        0x08002b2f   Thumb Code    64  stm32f1xx_hal_tim.o(.text)
    TIM_OC3_SetConfig                        0x08002b6f   Thumb Code    82  stm32f1xx_hal_tim.o(.text)
    TIM_OC1_SetConfig                        0x08002c15   Thumb Code    74  stm32f1xx_hal_tim.o(.text)
    TIM_TI2_SetConfig                        0x08002cb5   Thumb Code    54  stm32f1xx_hal_tim.o(.text)
    TIM_DMATriggerCplt                       0x08003009   Thumb Code    16  stm32f1xx_hal_tim.o(.text)
    TIM_SlaveTimer_SetConfig                 0x080034b3   Thumb Code   124  stm32f1xx_hal_tim.o(.text)
    TIM_ETR_SetConfig                        0x0800361b   Thumb Code    20  stm32f1xx_hal_tim.o(.text)
    TIM_ITRx_SetConfig                       0x0800362f   Thumb Code    16  stm32f1xx_hal_tim.o(.text)
    TIM_TI1_ConfigInputStage                 0x0800363f   Thumb Code    34  stm32f1xx_hal_tim.o(.text)
    TIM_TI2_ConfigInputStage                 0x08003661   Thumb Code    36  stm32f1xx_hal_tim.o(.text)
    .text                                    0x08003684   Section        0  stm32f1xx_hal.o(.text)
    .text                                    0x080037a4   Section        0  stm32f1xx_hal_dma.o(.text)
    DMA_SetConfig                            0x08003ead   Thumb Code    30  stm32f1xx_hal_dma.o(.text)
    .text                                    0x08003ed0   Section        0  stm32f1xx_hal_gpio.o(.text)
    .text                                    0x080041ac   Section        0  system_stm32f1xx.o(.text)
    .text                                    0x08004268   Section        0  stm32f1xx_it.o(.text)
    .text                                    0x0800429c   Section        0  main.o(.text)
    MX_TIM4_Init                             0x0800438d   Thumb Code    98  main.o(.text)
    MX_GPIO_Init                             0x080043ef   Thumb Code    96  main.o(.text)
    .text                                    0x08004468   Section        0  stm32f1xx_hal_msp.o(.text)
    .text                                    0x0800452c   Section        0  encoder.o(.text)
    .text                                    0x080045b0   Section       64  startup_stm32f103xb.o(.text)
    .text                                    0x080045f0   Section        0  heapauxi.o(.text)
    .text                                    0x080045f6   Section       74  sys_stackheap_outer.o(.text)
    .text                                    0x08004640   Section        0  exit.o(.text)
    .text                                    0x08004654   Section        8  libspace.o(.text)
    .text                                    0x0800465c   Section        0  sys_exit.o(.text)
    .text                                    0x08004668   Section        2  use_no_semi.o(.text)
    .constdata                               0x0800466a   Section       16  stm32f1xx_hal_rcc.o(.constdata)
    .text                                    0x0800466a   Section        0  indicate_semi.o(.text)
    .constdata                               0x0800467a   Section       16  system_stm32f1xx.o(.constdata)
    .data                                    0x20000000   Section        4  stm32f1xx_hal.o(.data)
    uwTick                                   0x20000000   Data           4  stm32f1xx_hal.o(.data)
    .data                                    0x20000004   Section        4  system_stm32f1xx.o(.data)
    .data                                    0x20000008   Section       12  main.o(.data)
    .data                                    0x20000014   Section        4  encoder.o(.data)
    .bss                                     0x20000018   Section      120  main.o(.bss)
    .bss                                     0x20000090   Section       96  libspace.o(.bss)
    HEAP                                     0x200000f0   Section      512  startup_stm32f103xb.o(HEAP)
    Heap_Mem                                 0x200000f0   Data         512  startup_stm32f103xb.o(HEAP)
    STACK                                    0x200002f0   Section     1024  startup_stm32f103xb.o(STACK)
    Stack_Mem                                0x200002f0   Data        1024  startup_stm32f103xb.o(STACK)
    __initial_sp                             0x200006f0   Data           0  startup_stm32f103xb.o(STACK)

    Global Symbols

    Symbol Name                              Value     Ov Type        Size  Object(Section)

    BuildAttributes$$THM_ISAv4$P$D$K$B$S$PE$A:L22UL41UL21$X:L11$S22US41US21$IEEE1$IW$USESV6$~STKCKD$USESV7$~SHL$OSPACE$ROPI$EBA8$UX$STANDARDLIB$REQ8$PRES8$EABIv2 0x00000000   Number         0  anon$$obj.o ABSOLUTE
    __ARM_use_no_argv                        0x00000000   Number         0  main.o ABSOLUTE
    __ARM_exceptions_init                     - Undefined Weak Reference
    __alloca_initialize                       - Undefined Weak Reference
    __arm_preinit_                            - Undefined Weak Reference
    __cpp_initialize__aeabi_                  - Undefined Weak Reference
    __cxa_finalize                            - Undefined Weak Reference
    __rt_locale                               - Undefined Weak Reference
    __sigvec_lookup                           - Undefined Weak Reference
    _atexit_init                              - Undefined Weak Reference
    _call_atexit_fns                          - Undefined Weak Reference
    _clock_init                               - Undefined Weak Reference
    _fp_trap_init                             - Undefined Weak Reference
    _fp_trap_shutdown                         - Undefined Weak Reference
    _get_lc_collate                           - Undefined Weak Reference
    _get_lc_ctype                             - Undefined Weak Reference
    _get_lc_monetary                          - Undefined Weak Reference
    _get_lc_numeric                           - Undefined Weak Reference
    _get_lc_time                              - Undefined Weak Reference
    _getenv_init                              - Undefined Weak Reference
    _handle_redirection                       - Undefined Weak Reference
    _init_alloc                               - Undefined Weak Reference
    _init_user_alloc                          - Undefined Weak Reference
    _initio                                   - Undefined Weak Reference
    _rand_init                                - Undefined Weak Reference
    _signal_finish                            - Undefined Weak Reference
    _signal_init                              - Undefined Weak Reference
    _terminate_alloc                          - Undefined Weak Reference
    _terminate_user_alloc                     - Undefined Weak Reference
    _terminateio                              - Undefined Weak Reference
    __Vectors_Size                           0x000000ec   Number         0  startup_stm32f103xb.o ABSOLUTE
    __Vectors                                0x08000000   Data           4  startup_stm32f103xb.o(RESET)
    __Vectors_End                            0x080000ec   Data           0  startup_stm32f103xb.o(RESET)
    __main                                   0x080000ed   Thumb Code     8  __main.o(!!!main)
    __scatterload                            0x080000f5   Thumb Code     0  __scatter.o(!!!scatter)
    __scatterload_rt2                        0x080000f5   Thumb Code    44  __scatter.o(!!!scatter)
    __scatterload_rt2_thumb_only             0x080000f5   Thumb Code     0  __scatter.o(!!!scatter)
    __scatterload_null                       0x08000103   Thumb Code     0  __scatter.o(!!!scatter)
    __scatterload_copy                       0x08000129   Thumb Code    26  __scatter_copy.o(!!handler_copy)
    __scatterload_zeroinit                   0x08000145   Thumb Code    28  __scatter_zi.o(!!handler_zi)
    __rt_lib_init                            0x08000161   Thumb Code     0  libinit.o(.ARM.Collect$$libinit$$00000000)
    __rt_lib_init_alloca_1                   0x08000163   Thumb Code     0  libinit2.o(.ARM.Collect$$libinit$$0000002E)
    __rt_lib_init_argv_1                     0x08000163   Thumb Code     0  libinit2.o(.ARM.Collect$$libinit$$0000002C)
    __rt_lib_init_atexit_1                   0x08000163   Thumb Code     0  libinit2.o(.ARM.Collect$$libinit$$0000001B)
    __rt_lib_init_clock_1                    0x08000163   Thumb Code     0  libinit2.o(.ARM.Collect$$libinit$$00000021)
    __rt_lib_init_cpp_1                      0x08000163   Thumb Code     0  libinit2.o(.ARM.Collect$$libinit$$00000032)
    __rt_lib_init_exceptions_1               0x08000163   Thumb Code     0  libinit2.o(.ARM.Collect$$libinit$$00000030)
    __rt_lib_init_fp_1                       0x08000163   Thumb Code     0  libinit2.o(.ARM.Collect$$libinit$$00000002)
    __rt_lib_init_fp_trap_1                  0x08000163   Thumb Code     0  libinit2.o(.ARM.Collect$$libinit$$0000001F)
    __rt_lib_init_getenv_1                   0x08000163   Thumb Code     0  libinit2.o(.ARM.Collect$$libinit$$00000023)
    __rt_lib_init_heap_1                     0x08000163   Thumb Code     0  libinit2.o(.ARM.Collect$$libinit$$0000000A)
    __rt_lib_init_lc_collate_1               0x08000163   Thumb Code     0  libinit2.o(.ARM.Collect$$libinit$$00000011)
    __rt_lib_init_lc_ctype_1                 0x08000163   Thumb Code     0  libinit2.o(.ARM.Collect$$libinit$$00000013)
    __rt_lib_init_lc_monetary_1              0x08000163   Thumb Code     0  libinit2.o(.ARM.Collect$$libinit$$00000015)
    __rt_lib_init_lc_numeric_1               0x08000163   Thumb Code     0  libinit2.o(.ARM.Collect$$libinit$$00000017)
    __rt_lib_init_lc_time_1                  0x08000163   Thumb Code     0  libinit2.o(.ARM.Collect$$libinit$$00000019)
    __rt_lib_init_preinit_1                  0x08000163   Thumb Code     0  libinit2.o(.ARM.Collect$$libinit$$00000004)
    __rt_lib_init_rand_1                     0x08000163   Thumb Code     0  libinit2.o(.ARM.Collect$$libinit$$0000000E)
    __rt_lib_init_return                     0x08000163   Thumb Code     0  libinit2.o(.ARM.Collect$$libinit$$00000033)
    __rt_lib_init_signal_1                   0x08000163   Thumb Code     0  libinit2.o(.ARM.Collect$$libinit$$0000001D)
    __rt_lib_init_stdio_1                    0x08000163   Thumb Code     0  libinit2.o(.ARM.Collect$$libinit$$00000025)
    __rt_lib_init_user_alloc_1               0x08000163   Thumb Code     0  libinit2.o(.ARM.Collect$$libinit$$0000000C)
    __rt_lib_shutdown                        0x08000165   Thumb Code     0  libshutdown.o(.ARM.Collect$$libshutdown$$00000000)
    __rt_lib_shutdown_cpp_1                  0x08000167   Thumb Code     0  libshutdown2.o(.ARM.Collect$$libshutdown$$00000002)
    __rt_lib_shutdown_fp_trap_1              0x08000167   Thumb Code     0  libshutdown2.o(.ARM.Collect$$libshutdown$$00000007)
    __rt_lib_shutdown_heap_1                 0x08000167   Thumb Code     0  libshutdown2.o(.ARM.Collect$$libshutdown$$0000000F)
    __rt_lib_shutdown_return                 0x08000167   Thumb Code     0  libshutdown2.o(.ARM.Collect$$libshutdown$$00000010)
    __rt_lib_shutdown_signal_1               0x08000167   Thumb Code     0  libshutdown2.o(.ARM.Collect$$libshutdown$$0000000A)
    __rt_lib_shutdown_stdio_1                0x08000167   Thumb Code     0  libshutdown2.o(.ARM.Collect$$libshutdown$$00000004)
    __rt_lib_shutdown_user_alloc_1           0x08000167   Thumb Code     0  libshutdown2.o(.ARM.Collect$$libshutdown$$0000000C)
    __rt_entry                               0x08000169   Thumb Code     0  __rtentry.o(.ARM.Collect$$rtentry$$00000000)
    __rt_entry_presh_1                       0x08000169   Thumb Code     0  __rtentry2.o(.ARM.Collect$$rtentry$$00000002)
    __rt_entry_sh                            0x08000169   Thumb Code     0  __rtentry4.o(.ARM.Collect$$rtentry$$00000004)
    __rt_entry_li                            0x0800016f   Thumb Code     0  __rtentry2.o(.ARM.Collect$$rtentry$$0000000A)
    __rt_entry_postsh_1                      0x0800016f   Thumb Code     0  __rtentry2.o(.ARM.Collect$$rtentry$$00000009)
    __rt_entry_main                          0x08000173   Thumb Code     0  __rtentry2.o(.ARM.Collect$$rtentry$$0000000D)
    __rt_entry_postli_1                      0x08000173   Thumb Code     0  __rtentry2.o(.ARM.Collect$$rtentry$$0000000C)
    __rt_exit                                0x0800017b   Thumb Code     0  rtexit.o(.ARM.Collect$$rtexit$$00000000)
    __rt_exit_ls                             0x0800017d   Thumb Code     0  rtexit2.o(.ARM.Collect$$rtexit$$00000003)
    __rt_exit_prels_1                        0x0800017d   Thumb Code     0  rtexit2.o(.ARM.Collect$$rtexit$$00000002)
    __rt_exit_exit                           0x08000181   Thumb Code     0  rtexit2.o(.ARM.Collect$$rtexit$$00000004)
    HAL_NVIC_SetPriorityGrouping             0x08000189   Thumb Code    26  stm32f1xx_hal_cortex.o(.text)
    HAL_NVIC_SetPriority                     0x080001a3   Thumb Code    60  stm32f1xx_hal_cortex.o(.text)
    HAL_NVIC_EnableIRQ                       0x080001df   Thumb Code    22  stm32f1xx_hal_cortex.o(.text)
    HAL_NVIC_DisableIRQ                      0x080001f5   Thumb Code    22  stm32f1xx_hal_cortex.o(.text)
    HAL_NVIC_SystemReset                     0x0800020b   Thumb Code    28  stm32f1xx_hal_cortex.o(.text)
    HAL_SYSTICK_Config                       0x08000227   Thumb Code    40  stm32f1xx_hal_cortex.o(.text)
    HAL_NVIC_GetPriorityGrouping             0x0800024f   Thumb Code    10  stm32f1xx_hal_cortex.o(.text)
    HAL_NVIC_GetPriority                     0x08000259   Thumb Code    82  stm32f1xx_hal_cortex.o(.text)
    HAL_NVIC_SetPendingIRQ                   0x080002ab   Thumb Code    22  stm32f1xx_hal_cortex.o(.text)
    HAL_NVIC_GetPendingIRQ                   0x080002c1   Thumb Code    32  stm32f1xx_hal_cortex.o(.text)
    HAL_NVIC_ClearPendingIRQ                 0x080002e1   Thumb Code    22  stm32f1xx_hal_cortex.o(.text)
    HAL_NVIC_GetActive                       0x080002f7   Thumb Code    32  stm32f1xx_hal_cortex.o(.text)
    HAL_SYSTICK_CLKSourceConfig              0x08000317   Thumb Code    24  stm32f1xx_hal_cortex.o(.text)
    HAL_SYSTICK_Callback                     0x0800032f   Thumb Code     2  stm32f1xx_hal_cortex.o(.text)
    HAL_SYSTICK_IRQHandler                   0x08000331   Thumb Code     8  stm32f1xx_hal_cortex.o(.text)
    HAL_RCC_DeInit                           0x08000361   Thumb Code    60  stm32f1xx_hal_rcc.o(.text)
    HAL_RCC_OscConfig                        0x0800039d   Thumb Code  1590  stm32f1xx_hal_rcc.o(.text)
    HAL_RCC_ClockConfig                      0x080009d3   Thumb Code   640  stm32f1xx_hal_rcc.o(.text)
    HAL_RCC_MCOConfig                        0x08000c53   Thumb Code    62  stm32f1xx_hal_rcc.o(.text)
    HAL_RCC_EnableCSS                        0x08000c91   Thumb Code    20  stm32f1xx_hal_rcc.o(.text)
    HAL_RCC_DisableCSS                       0x08000ca5   Thumb Code    22  stm32f1xx_hal_rcc.o(.text)
    HAL_RCC_GetSysClockFreq                  0x08000cbb   Thumb Code   106  stm32f1xx_hal_rcc.o(.text)
    HAL_RCC_GetHCLKFreq                      0x08000d25   Thumb Code    38  stm32f1xx_hal_rcc.o(.text)
    HAL_RCC_GetPCLK1Freq                     0x08000d4b   Thumb Code    36  stm32f1xx_hal_rcc.o(.text)
    HAL_RCC_GetPCLK2Freq                     0x08000d6f   Thumb Code    36  stm32f1xx_hal_rcc.o(.text)
    HAL_RCC_GetOscConfig                     0x08000d93   Thumb Code   208  stm32f1xx_hal_rcc.o(.text)
    HAL_RCC_GetClockConfig                   0x08000e63   Thumb Code    54  stm32f1xx_hal_rcc.o(.text)
    HAL_RCC_CSSCallback                      0x08000e99   Thumb Code     2  stm32f1xx_hal_rcc.o(.text)
    HAL_RCC_NMI_IRQHandler                   0x08000e9b   Thumb Code    20  stm32f1xx_hal_rcc.o(.text)
    HAL_TIMEx_HallSensor_MspInit             0x08000eb9   Thumb Code     2  stm32f1xx_hal_tim_ex.o(.text)
    HAL_TIMEx_HallSensor_Init                0x08000ebb   Thumb Code   188  stm32f1xx_hal_tim_ex.o(.text)
    HAL_TIMEx_HallSensor_MspDeInit           0x08000f77   Thumb Code     2  stm32f1xx_hal_tim_ex.o(.text)
    HAL_TIMEx_HallSensor_DeInit              0x08000f79   Thumb Code    56  stm32f1xx_hal_tim_ex.o(.text)
    HAL_TIMEx_HallSensor_Start               0x08000fb1   Thumb Code    28  stm32f1xx_hal_tim_ex.o(.text)
    HAL_TIMEx_HallSensor_Stop                0x08000fcd   Thumb Code    46  stm32f1xx_hal_tim_ex.o(.text)
    HAL_TIMEx_HallSensor_Start_IT            0x08000ffb   Thumb Code    38  stm32f1xx_hal_tim_ex.o(.text)
    HAL_TIMEx_HallSensor_Stop_IT             0x08001021   Thumb Code    56  stm32f1xx_hal_tim_ex.o(.text)
    HAL_TIMEx_HallSensor_Start_DMA           0x08001059   Thumb Code    96  stm32f1xx_hal_tim_ex.o(.text)
    HAL_TIMEx_HallSensor_Stop_DMA            0x080010b9   Thumb Code    56  stm32f1xx_hal_tim_ex.o(.text)
    HAL_TIMEx_OCN_Start                      0x080010f1   Thumb Code    36  stm32f1xx_hal_tim_ex.o(.text)
    HAL_TIMEx_OCN_Stop                       0x08001115   Thumb Code    68  stm32f1xx_hal_tim_ex.o(.text)
    HAL_TIMEx_OCN_Start_IT                   0x08001159   Thumb Code    96  stm32f1xx_hal_tim_ex.o(.text)
    HAL_TIMEx_OCN_Stop_IT                    0x080011b9   Thumb Code   134  stm32f1xx_hal_tim_ex.o(.text)
    HAL_TIMEx_OCN_Start_DMA                  0x0800123f   Thumb Code   210  stm32f1xx_hal_tim_ex.o(.text)
    HAL_TIMEx_OCN_Stop_DMA                   0x08001311   Thumb Code   124  stm32f1xx_hal_tim_ex.o(.text)
    HAL_TIMEx_PWMN_Start                     0x0800138d   Thumb Code    36  stm32f1xx_hal_tim_ex.o(.text)
    HAL_TIMEx_PWMN_Stop                      0x080013b1   Thumb Code    68  stm32f1xx_hal_tim_ex.o(.text)
    HAL_TIMEx_PWMN_Start_IT                  0x080013f5   Thumb Code    96  stm32f1xx_hal_tim_ex.o(.text)
    HAL_TIMEx_PWMN_Stop_IT                   0x08001455   Thumb Code   148  stm32f1xx_hal_tim_ex.o(.text)
    HAL_TIMEx_PWMN_Start_DMA                 0x080014e9   Thumb Code   210  stm32f1xx_hal_tim_ex.o(.text)
    HAL_TIMEx_PWMN_Stop_DMA                  0x080015bb   Thumb Code   124  stm32f1xx_hal_tim_ex.o(.text)
    HAL_TIMEx_OnePulseN_Start                0x08001637   Thumb Code    26  stm32f1xx_hal_tim_ex.o(.text)
    HAL_TIMEx_OnePulseN_Stop                 0x08001651   Thumb Code    68  stm32f1xx_hal_tim_ex.o(.text)
    HAL_TIMEx_OnePulseN_Start_IT             0x08001695   Thumb Code    46  stm32f1xx_hal_tim_ex.o(.text)
    HAL_TIMEx_OnePulseN_Stop_IT              0x080016c3   Thumb Code    88  stm32f1xx_hal_tim_ex.o(.text)
    HAL_TIMEx_ConfigCommutationEvent         0x0800171b   Thumb Code    92  stm32f1xx_hal_tim_ex.o(.text)
    HAL_TIMEx_ConfigCommutationEvent_IT      0x08001777   Thumb Code   102  stm32f1xx_hal_tim_ex.o(.text)
    HAL_TIMEx_CommutationCallback            0x080017dd   Thumb Code     2  stm32f1xx_hal_tim_ex.o(.text)
    TIMEx_DMACommutationCplt                 0x080017df   Thumb Code    16  stm32f1xx_hal_tim_ex.o(.text)
    HAL_TIMEx_ConfigCommutationEvent_DMA     0x080017ef   Thumb Code   116  stm32f1xx_hal_tim_ex.o(.text)
    HAL_TIMEx_ConfigBreakDeadTime            0x08001863   Thumb Code    66  stm32f1xx_hal_tim_ex.o(.text)
    HAL_TIMEx_MasterConfigSynchronization    0x080018a5   Thumb Code    88  stm32f1xx_hal_tim_ex.o(.text)
    HAL_TIMEx_BreakCallback                  0x080018fd   Thumb Code     2  stm32f1xx_hal_tim_ex.o(.text)
    HAL_TIMEx_HallSensor_GetState            0x080018ff   Thumb Code     6  stm32f1xx_hal_tim_ex.o(.text)
    TIM_Base_SetConfig                       0x0800191d   Thumb Code    86  stm32f1xx_hal_tim.o(.text)
    HAL_TIM_Base_Init                        0x08001975   Thumb Code    54  stm32f1xx_hal_tim.o(.text)
    HAL_TIM_Base_DeInit                      0x080019ad   Thumb Code    56  stm32f1xx_hal_tim.o(.text)
    HAL_TIM_Base_Start                       0x080019e5   Thumb Code    26  stm32f1xx_hal_tim.o(.text)
    HAL_TIM_Base_Stop                        0x080019ff   Thumb Code    44  stm32f1xx_hal_tim.o(.text)
    HAL_TIM_Base_Start_IT                    0x08001a2b   Thumb Code    24  stm32f1xx_hal_tim.o(.text)
    HAL_TIM_Base_Stop_IT                     0x08001a43   Thumb Code    42  stm32f1xx_hal_tim.o(.text)
    HAL_TIM_ErrorCallback                    0x08001a6d   Thumb Code     2  stm32f1xx_hal_tim.o(.text)
    TIM_DMAError                             0x08001a6f   Thumb Code    16  stm32f1xx_hal_tim.o(.text)
    HAL_TIM_PeriodElapsedCallback            0x08001a7f   Thumb Code     2  stm32f1xx_hal_tim.o(.text)
    HAL_TIM_Base_Start_DMA                   0x08001a91   Thumb Code    84  stm32f1xx_hal_tim.o(.text)
    HAL_TIM_Base_Stop_DMA                    0x08001ae5   Thumb Code    48  stm32f1xx_hal_tim.o(.text)
    HAL_TIM_OC_MspInit                       0x08001b15   Thumb Code     2  stm32f1xx_hal_tim.o(.text)
    HAL_TIM_OC_Init                          0x08001b17   Thumb Code    54  stm32f1xx_hal_tim.o(.text)
    HAL_TIM_OC_MspDeInit                     0x08001b4d   Thumb Code     2  stm32f1xx_hal_tim.o(.text)
    HAL_TIM_OC_DeInit                        0x08001b4f   Thumb Code    56  stm32f1xx_hal_tim.o(.text)
    TIM_CCxChannelCmd                        0x08001b87   Thumb Code    22  stm32f1xx_hal_tim.o(.text)
    HAL_TIM_OC_Start                         0x08001b9d   Thumb Code    42  stm32f1xx_hal_tim.o(.text)
    HAL_TIM_OC_Stop                          0x08001bc7   Thumb Code    72  stm32f1xx_hal_tim.o(.text)
    HAL_TIM_OC_Start_IT                      0x08001c0f   Thumb Code    92  stm32f1xx_hal_tim.o(.text)
    HAL_TIM_OC_Stop_IT                       0x08001c6b   Thumb Code   122  stm32f1xx_hal_tim.o(.text)
    HAL_TIM_PWM_PulseFinishedCallback        0x08001ce5   Thumb Code     2  stm32f1xx_hal_tim.o(.text)
    TIM_DMADelayPulseCplt                    0x08001ce7   Thumb Code    78  stm32f1xx_hal_tim.o(.text)
    HAL_TIM_OC_Start_DMA                     0x08001d35   Thumb Code   220  stm32f1xx_hal_tim.o(.text)
    HAL_TIM_OC_Stop_DMA                      0x08001e11   Thumb Code   128  stm32f1xx_hal_tim.o(.text)
    HAL_TIM_PWM_MspInit                      0x08001e91   Thumb Code     2  stm32f1xx_hal_tim.o(.text)
    HAL_TIM_PWM_Init                         0x08001e93   Thumb Code    54  stm32f1xx_hal_tim.o(.text)
    HAL_TIM_PWM_MspDeInit                    0x08001ec9   Thumb Code     2  stm32f1xx_hal_tim.o(.text)
    HAL_TIM_PWM_DeInit                       0x08001ecb   Thumb Code    56  stm32f1xx_hal_tim.o(.text)
    HAL_TIM_PWM_Start                        0x08001f03   Thumb Code    42  stm32f1xx_hal_tim.o(.text)
    HAL_TIM_PWM_Stop                         0x08001f2d   Thumb Code    78  stm32f1xx_hal_tim.o(.text)
    HAL_TIM_PWM_Start_IT                     0x08001f7b   Thumb Code    92  stm32f1xx_hal_tim.o(.text)
    HAL_TIM_PWM_Stop_IT                      0x08001fd7   Thumb Code   122  stm32f1xx_hal_tim.o(.text)
    HAL_TIM_PWM_Start_DMA                    0x08002051   Thumb Code   220  stm32f1xx_hal_tim.o(.text)
    HAL_TIM_PWM_Stop_DMA                     0x0800212d   Thumb Code   132  stm32f1xx_hal_tim.o(.text)
    HAL_TIM_IC_MspInit                       0x080021b1   Thumb Code     2  stm32f1xx_hal_tim.o(.text)
    HAL_TIM_IC_Init                          0x080021b3   Thumb Code    54  stm32f1xx_hal_tim.o(.text)
    HAL_TIM_IC_MspDeInit                     0x080021e9   Thumb Code     2  stm32f1xx_hal_tim.o(.text)
    HAL_TIM_IC_DeInit                        0x080021eb   Thumb Code    56  stm32f1xx_hal_tim.o(.text)
    HAL_TIM_IC_Start                         0x08002223   Thumb Code    26  stm32f1xx_hal_tim.o(.text)
    HAL_TIM_IC_Stop                          0x0800223d   Thumb Code    44  stm32f1xx_hal_tim.o(.text)
    HAL_TIM_IC_Start_IT                      0x08002269   Thumb Code    76  stm32f1xx_hal_tim.o(.text)
    HAL_TIM_IC_Stop_IT                       0x080022b5   Thumb Code    94  stm32f1xx_hal_tim.o(.text)
    HAL_TIM_IC_CaptureCallback               0x08002313   Thumb Code     2  stm32f1xx_hal_tim.o(.text)
    TIM_DMACaptureCplt                       0x08002315   Thumb Code    62  stm32f1xx_hal_tim.o(.text)
    HAL_TIM_IC_Start_DMA                     0x08002353   Thumb Code   194  stm32f1xx_hal_tim.o(.text)
    HAL_TIM_IC_Stop_DMA                      0x08002415   Thumb Code   100  stm32f1xx_hal_tim.o(.text)
    HAL_TIM_OnePulse_MspInit                 0x08002479   Thumb Code     2  stm32f1xx_hal_tim.o(.text)
    HAL_TIM_OnePulse_Init                    0x0800247b   Thumb Code    74  stm32f1xx_hal_tim.o(.text)
    HAL_TIM_OnePulse_MspDeInit               0x080024c5   Thumb Code     2  stm32f1xx_hal_tim.o(.text)
    HAL_TIM_OnePulse_DeInit                  0x080024c7   Thumb Code    56  stm32f1xx_hal_tim.o(.text)
    HAL_TIM_OnePulse_Start                   0x080024ff   Thumb Code    44  stm32f1xx_hal_tim.o(.text)
    HAL_TIM_OnePulse_Stop                    0x0800252b   Thumb Code    84  stm32f1xx_hal_tim.o(.text)
    HAL_TIM_OnePulse_Start_IT                0x0800257f   Thumb Code    64  stm32f1xx_hal_tim.o(.text)
    HAL_TIM_OnePulse_Stop_IT                 0x080025bf   Thumb Code   104  stm32f1xx_hal_tim.o(.text)
    HAL_TIM_Encoder_MspInit                  0x08002627   Thumb Code     2  stm32f1xx_hal_tim.o(.text)
    HAL_TIM_Encoder_Init                     0x08002629   Thumb Code   150  stm32f1xx_hal_tim.o(.text)
    HAL_TIM_Encoder_MspDeInit                0x080026bf   Thumb Code     2  stm32f1xx_hal_tim.o(.text)
    HAL_TIM_Encoder_DeInit                   0x080026c1   Thumb Code    56  stm32f1xx_hal_tim.o(.text)
    HAL_TIM_Encoder_Start                    0x080026f9   Thumb Code    52  stm32f1xx_hal_tim.o(.text)
    HAL_TIM_Encoder_Stop                     0x0800272d   Thumb Code    70  stm32f1xx_hal_tim.o(.text)
    HAL_TIM_Encoder_Start_IT                 0x08002773   Thumb Code    92  stm32f1xx_hal_tim.o(.text)
    HAL_TIM_Encoder_Stop_IT                  0x080027cf   Thumb Code   116  stm32f1xx_hal_tim.o(.text)
    HAL_TIM_Encoder_Start_DMA                0x08002843   Thumb Code   270  stm32f1xx_hal_tim.o(.text)
    HAL_TIM_Encoder_Stop_DMA                 0x08002951   Thumb Code   116  stm32f1xx_hal_tim.o(.text)
    HAL_TIM_TriggerCallback                  0x080029c5   Thumb Code     2  stm32f1xx_hal_tim.o(.text)
    HAL_TIM_OC_DelayElapsedCallback          0x080029c7   Thumb Code     2  stm32f1xx_hal_tim.o(.text)
    HAL_TIM_IRQHandler                       0x080029c9   Thumb Code   358  stm32f1xx_hal_tim.o(.text)
    TIM_OC2_SetConfig                        0x08002bc1   Thumb Code    84  stm32f1xx_hal_tim.o(.text)
    HAL_TIM_OC_ConfigChannel                 0x08002c5f   Thumb Code    86  stm32f1xx_hal_tim.o(.text)
    TIM_TI1_SetConfig                        0x08002ceb   Thumb Code    76  stm32f1xx_hal_tim.o(.text)
    HAL_TIM_IC_ConfigChannel                 0x08002d37   Thumb Code   282  stm32f1xx_hal_tim.o(.text)
    HAL_TIM_PWM_ConfigChannel                0x08002e51   Thumb Code   208  stm32f1xx_hal_tim.o(.text)
    HAL_TIM_OnePulse_ConfigChannel           0x08002f21   Thumb Code   232  stm32f1xx_hal_tim.o(.text)
    HAL_TIM_DMABurst_WriteStart              0x08003019   Thumb Code   238  stm32f1xx_hal_tim.o(.text)
    HAL_TIM_DMABurst_WriteStop               0x08003107   Thumb Code    96  stm32f1xx_hal_tim.o(.text)
    HAL_TIM_DMABurst_ReadStart               0x08003167   Thumb Code   240  stm32f1xx_hal_tim.o(.text)
    HAL_TIM_DMABurst_ReadStop                0x08003257   Thumb Code    96  stm32f1xx_hal_tim.o(.text)
    HAL_TIM_GenerateEvent                    0x080032b7   Thumb Code    38  stm32f1xx_hal_tim.o(.text)
    HAL_TIM_ConfigOCrefClear                 0x080032dd   Thumb Code   192  stm32f1xx_hal_tim.o(.text)
    HAL_TIM_ConfigClockSource                0x0800339d   Thumb Code   262  stm32f1xx_hal_tim.o(.text)
    HAL_TIM_ConfigTI1Input                   0x080034a3   Thumb Code    16  stm32f1xx_hal_tim.o(.text)
    HAL_TIM_SlaveConfigSynchronization       0x0800352f   Thumb Code    66  stm32f1xx_hal_tim.o(.text)
    HAL_TIM_SlaveConfigSynchronization_IT    0x08003571   Thumb Code    66  stm32f1xx_hal_tim.o(.text)
    HAL_TIM_ReadCapturedValue                0x080035b3   Thumb Code    68  stm32f1xx_hal_tim.o(.text)
    HAL_TIM_Base_GetState                    0x080035f7   Thumb Code     6  stm32f1xx_hal_tim.o(.text)
    HAL_TIM_OC_GetState                      0x080035fd   Thumb Code     6  stm32f1xx_hal_tim.o(.text)
    HAL_TIM_PWM_GetState                     0x08003603   Thumb Code     6  stm32f1xx_hal_tim.o(.text)
    HAL_TIM_IC_GetState                      0x08003609   Thumb Code     6  stm32f1xx_hal_tim.o(.text)
    HAL_TIM_OnePulse_GetState                0x0800360f   Thumb Code     6  stm32f1xx_hal_tim.o(.text)
    HAL_TIM_Encoder_GetState                 0x08003615   Thumb Code     6  stm32f1xx_hal_tim.o(.text)
    HAL_InitTick                             0x08003687   Thumb Code    34  stm32f1xx_hal.o(.text)
    HAL_Init                                 0x080036a9   Thumb Code    32  stm32f1xx_hal.o(.text)
    HAL_MspDeInit                            0x080036c9   Thumb Code     2  stm32f1xx_hal.o(.text)
    HAL_DeInit                               0x080036cb   Thumb Code    26  stm32f1xx_hal.o(.text)
    HAL_IncTick                              0x080036e5   Thumb Code    10  stm32f1xx_hal.o(.text)
    HAL_GetTick                              0x080036ef   Thumb Code     6  stm32f1xx_hal.o(.text)
    HAL_Delay                                0x080036f5   Thumb Code    22  stm32f1xx_hal.o(.text)
    HAL_SuspendTick                          0x0800370b   Thumb Code    14  stm32f1xx_hal.o(.text)
    HAL_ResumeTick                           0x08003719   Thumb Code    14  stm32f1xx_hal.o(.text)
    HAL_GetHalVersion                        0x08003727   Thumb Code     6  stm32f1xx_hal.o(.text)
    HAL_GetREVID                             0x0800372d   Thumb Code    18  stm32f1xx_hal.o(.text)
    HAL_GetDEVID                             0x0800373f   Thumb Code    10  stm32f1xx_hal.o(.text)
    HAL_DBGMCU_EnableDBGSleepMode            0x08003749   Thumb Code    12  stm32f1xx_hal.o(.text)
    HAL_DBGMCU_DisableDBGSleepMode           0x08003755   Thumb Code    12  stm32f1xx_hal.o(.text)
    HAL_DBGMCU_EnableDBGStopMode             0x08003761   Thumb Code    12  stm32f1xx_hal.o(.text)
    HAL_DBGMCU_DisableDBGStopMode            0x0800376d   Thumb Code    12  stm32f1xx_hal.o(.text)
    HAL_DBGMCU_EnableDBGStandbyMode          0x08003779   Thumb Code    12  stm32f1xx_hal.o(.text)
    HAL_DBGMCU_DisableDBGStandbyMode         0x08003785   Thumb Code    12  stm32f1xx_hal.o(.text)
    HAL_DMA_Init                             0x080037a5   Thumb Code    80  stm32f1xx_hal_dma.o(.text)
    HAL_DMA_DeInit                           0x080037f5   Thumb Code   292  stm32f1xx_hal_dma.o(.text)
    HAL_DMA_Start                            0x08003919   Thumb Code    58  stm32f1xx_hal_dma.o(.text)
    HAL_DMA_Start_IT                         0x08003953   Thumb Code    88  stm32f1xx_hal_dma.o(.text)
    HAL_DMA_Abort                            0x080039ab   Thumb Code    84  stm32f1xx_hal_dma.o(.text)
    HAL_DMA_PollForTransfer                  0x080039ff   Thumb Code   572  stm32f1xx_hal_dma.o(.text)
    HAL_DMA_IRQHandler                       0x08003c3b   Thumb Code   616  stm32f1xx_hal_dma.o(.text)
    HAL_DMA_GetState                         0x08003ea3   Thumb Code     6  stm32f1xx_hal_dma.o(.text)
    HAL_DMA_GetError                         0x08003ea9   Thumb Code     4  stm32f1xx_hal_dma.o(.text)
    HAL_GPIO_Init                            0x08003ed1   Thumb Code   408  stm32f1xx_hal_gpio.o(.text)
    HAL_GPIO_DeInit                          0x08004069   Thumb Code   204  stm32f1xx_hal_gpio.o(.text)
    HAL_GPIO_ReadPin                         0x08004135   Thumb Code    10  stm32f1xx_hal_gpio.o(.text)
    HAL_GPIO_WritePin                        0x0800413f   Thumb Code    10  stm32f1xx_hal_gpio.o(.text)
    HAL_GPIO_TogglePin                       0x08004149   Thumb Code     8  stm32f1xx_hal_gpio.o(.text)
    HAL_GPIO_LockPin                         0x08004151   Thumb Code    34  stm32f1xx_hal_gpio.o(.text)
    HAL_GPIO_EXTI_Callback                   0x08004173   Thumb Code     2  stm32f1xx_hal_gpio.o(.text)
    HAL_GPIO_EXTI_IRQHandler                 0x08004175   Thumb Code    20  stm32f1xx_hal_gpio.o(.text)
    SystemInit                               0x080041ad   Thumb Code    56  system_stm32f1xx.o(.text)
    SystemCoreClockUpdate                    0x080041e5   Thumb Code    92  system_stm32f1xx.o(.text)
    NMI_Handler                              0x08004269   Thumb Code     4  stm32f1xx_it.o(.text)
    SysTick_Handler                          0x0800426d   Thumb Code    14  stm32f1xx_it.o(.text)
    TIM2_IRQHandler                          0x0800427b   Thumb Code    24  stm32f1xx_it.o(.text)
    SystemClock_Config                       0x0800429d   Thumb Code    94  main.o(.text)
    main                                     0x080042fb   Thumb Code   124  main.o(.text)
    lcd_us_delay                             0x08004377   Thumb Code    22  main.o(.text)
    HAL_MspInit                              0x08004469   Thumb Code    40  stm32f1xx_hal_msp.o(.text)
    HAL_TIM_Base_MspInit                     0x08004491   Thumb Code    94  stm32f1xx_hal_msp.o(.text)
    HAL_TIM_Base_MspDeInit                   0x080044ef   Thumb Code    48  stm32f1xx_hal_msp.o(.text)
    EncoderScan                              0x0800452d   Thumb Code   120  encoder.o(.text)
    Reset_Handler                            0x080045b1   Thumb Code     8  startup_stm32f103xb.o(.text)
    HardFault_Handler                        0x080045bb   Thumb Code     2  startup_stm32f103xb.o(.text)
    MemManage_Handler                        0x080045bd   Thumb Code     2  startup_stm32f103xb.o(.text)
    BusFault_Handler                         0x080045bf   Thumb Code     2  startup_stm32f103xb.o(.text)
    UsageFault_Handler                       0x080045c1   Thumb Code     2  startup_stm32f103xb.o(.text)
    SVC_Handler                              0x080045c3   Thumb Code     2  startup_stm32f103xb.o(.text)
    DebugMon_Handler                         0x080045c5   Thumb Code     2  startup_stm32f103xb.o(.text)
    PendSV_Handler                           0x080045c7   Thumb Code     2  startup_stm32f103xb.o(.text)
    ADC1_2_IRQHandler                        0x080045cb   Thumb Code     0  startup_stm32f103xb.o(.text)
    CAN1_RX1_IRQHandler                      0x080045cb   Thumb Code     0  startup_stm32f103xb.o(.text)
    CAN1_SCE_IRQHandler                      0x080045cb   Thumb Code     0  startup_stm32f103xb.o(.text)
    DMA1_Channel1_IRQHandler                 0x080045cb   Thumb Code     0  startup_stm32f103xb.o(.text)
    DMA1_Channel2_IRQHandler                 0x080045cb   Thumb Code     0  startup_stm32f103xb.o(.text)
    DMA1_Channel3_IRQHandler                 0x080045cb   Thumb Code     0  startup_stm32f103xb.o(.text)
    DMA1_Channel4_IRQHandler                 0x080045cb   Thumb Code     0  startup_stm32f103xb.o(.text)
    DMA1_Channel5_IRQHandler                 0x080045cb   Thumb Code     0  startup_stm32f103xb.o(.text)
    DMA1_Channel6_IRQHandler                 0x080045cb   Thumb Code     0  startup_stm32f103xb.o(.text)
    DMA1_Channel7_IRQHandler                 0x080045cb   Thumb Code     0  startup_stm32f103xb.o(.text)
    EXTI0_IRQHandler                         0x080045cb   Thumb Code     0  startup_stm32f103xb.o(.text)
    EXTI15_10_IRQHandler                     0x080045cb   Thumb Code     0  startup_stm32f103xb.o(.text)
    EXTI1_IRQHandler                         0x080045cb   Thumb Code     0  startup_stm32f103xb.o(.text)
    EXTI2_IRQHandler                         0x080045cb   Thumb Code     0  startup_stm32f103xb.o(.text)
    EXTI3_IRQHandler                         0x080045cb   Thumb Code     0  startup_stm32f103xb.o(.text)
    EXTI4_IRQHandler                         0x080045cb   Thumb Code     0  startup_stm32f103xb.o(.text)
    EXTI9_5_IRQHandler                       0x080045cb   Thumb Code     0  startup_stm32f103xb.o(.text)
    FLASH_IRQHandler                         0x080045cb   Thumb Code     0  startup_stm32f103xb.o(.text)
    I2C1_ER_IRQHandler                       0x080045cb   Thumb Code     0  startup_stm32f103xb.o(.text)
    I2C1_EV_IRQHandler                       0x080045cb   Thumb Code     0  startup_stm32f103xb.o(.text)
    I2C2_ER_IRQHandler                       0x080045cb   Thumb Code     0  startup_stm32f103xb.o(.text)
    I2C2_EV_IRQHandler                       0x080045cb   Thumb Code     0  startup_stm32f103xb.o(.text)
    PVD_IRQHandler                           0x080045cb   Thumb Code     0  startup_stm32f103xb.o(.text)
    RCC_IRQHandler                           0x080045cb   Thumb Code     0  startup_stm32f103xb.o(.text)
    RTC_Alarm_IRQHandler                     0x080045cb   Thumb Code     0  startup_stm32f103xb.o(.text)
    RTC_IRQHandler                           0x080045cb   Thumb Code     0  startup_stm32f103xb.o(.text)
    SPI1_IRQHandler                          0x080045cb   Thumb Code     0  startup_stm32f103xb.o(.text)
    SPI2_IRQHandler                          0x080045cb   Thumb Code     0  startup_stm32f103xb.o(.text)
    TAMPER_IRQHandler                        0x080045cb   Thumb Code     0  startup_stm32f103xb.o(.text)
    TIM1_BRK_IRQHandler                      0x080045cb   Thumb Code     0  startup_stm32f103xb.o(.text)
    TIM1_CC_IRQHandler                       0x080045cb   Thumb Code     0  startup_stm32f103xb.o(.text)
    TIM1_TRG_COM_IRQHandler                  0x080045cb   Thumb Code     0  startup_stm32f103xb.o(.text)
    TIM1_UP_IRQHandler                       0x080045cb   Thumb Code     0  startup_stm32f103xb.o(.text)
    TIM3_IRQHandler                          0x080045cb   Thumb Code     0  startup_stm32f103xb.o(.text)
    TIM4_IRQHandler                          0x080045cb   Thumb Code     0  startup_stm32f103xb.o(.text)
    USART1_IRQHandler                        0x080045cb   Thumb Code     0  startup_stm32f103xb.o(.text)
    USART2_IRQHandler                        0x080045cb   Thumb Code     0  startup_stm32f103xb.o(.text)
    USART3_IRQHandler                        0x080045cb   Thumb Code     0  startup_stm32f103xb.o(.text)
    USBWakeUp_IRQHandler                     0x080045cb   Thumb Code     0  startup_stm32f103xb.o(.text)
    USB_HP_CAN1_TX_IRQHandler                0x080045cb   Thumb Code     0  startup_stm32f103xb.o(.text)
    USB_LP_CAN1_RX0_IRQHandler               0x080045cb   Thumb Code     0  startup_stm32f103xb.o(.text)
    WWDG_IRQHandler                          0x080045cb   Thumb Code     0  startup_stm32f103xb.o(.text)
    __user_initial_stackheap                 0x080045cd   Thumb Code     0  startup_stm32f103xb.o(.text)
    __use_two_region_memory                  0x080045f1   Thumb Code     2  heapauxi.o(.text)
    __rt_heap_escrow$2region                 0x080045f3   Thumb Code     2  heapauxi.o(.text)
    __rt_heap_expand$2region                 0x080045f5   Thumb Code     2  heapauxi.o(.text)
    __user_setup_stackheap                   0x080045f7   Thumb Code    74  sys_stackheap_outer.o(.text)
    exit                                     0x08004641   Thumb Code    18  exit.o(.text)
    __user_libspace                          0x08004655   Thumb Code     8  libspace.o(.text)
    __user_perproc_libspace                  0x08004655   Thumb Code     0  libspace.o(.text)
    __user_perthread_libspace                0x08004655   Thumb Code     0  libspace.o(.text)
    _sys_exit                                0x0800465d   Thumb Code     8  sys_exit.o(.text)
    __I$use$semihosting                      0x08004669   Thumb Code     0  use_no_semi.o(.text)
    __use_no_semihosting_swi                 0x08004669   Thumb Code     2  use_no_semi.o(.text)
    __semihosting_library_function           0x0800466b   Thumb Code     0  indicate_semi.o(.text)
    aAPBAHBPrescTable                        0x0800466a   Data          16  stm32f1xx_hal_rcc.o(.constdata)
    AHBPrescTable                            0x0800467a   Data          16  system_stm32f1xx.o(.constdata)
    Region$$Table$$Base                      0x0800468c   Number         0  anon$$obj.o(Region$$Table)
    Region$$Table$$Limit                     0x080046ac   Number         0  anon$$obj.o(Region$$Table)
    SystemCoreClock                          0x20000004   Data           4  system_stm32f1xx.o(.data)
    Vol                                      0x20000008   Data           4  main.o(.data)
    MaxVol                                   0x2000000c   Data           4  main.o(.data)
    MinVol                                   0x20000010   Data           4  main.o(.data)
    NewState                                 0x20000014   Data           1  encoder.o(.data)
    OldState                                 0x20000015   Data           1  encoder.o(.data)
    upState                                  0x20000016   Data           1  encoder.o(.data)
    downState                                0x20000017   Data           1  encoder.o(.data)
    htim2                                    0x20000018   Data          60  main.o(.bss)
    htim4                                    0x20000054   Data          60  main.o(.bss)
    __libspace_start                         0x20000090   Data          96  libspace.o(.bss)
    __temporary_stack_top$libspace           0x200000f0   Data           0  libspace.o(.bss)



==============================================================================

Memory Map of the image

  Image Entry point : 0x080000ed

  Load Region LR_IROM1 (Base: 0x08000000, Size: 0x000046c4, Max: 0x00010000, ABSOLUTE)

    Execution Region ER_IROM1 (Base: 0x08000000, Size: 0x000046ac, Max: 0x00010000, ABSOLUTE)

    Base Addr    Size         Type   Attr      Idx    E Section Name        Object

    0x08000000   0x000000ec   Data   RO          566    RESET               startup_stm32f103xb.o
    0x080000ec   0x00000008   Code   RO          577  * !!!main             c_w.l(__main.o)
    0x080000f4   0x00000034   Code   RO          755    !!!scatter          c_w.l(__scatter.o)
    0x08000128   0x0000001a   Code   RO          757    !!handler_copy      c_w.l(__scatter_copy.o)
    0x08000142   0x00000002   PAD
    0x08000144   0x0000001c   Code   RO          759    !!handler_zi        c_w.l(__scatter_zi.o)
    0x08000160   0x00000002   Code   RO          625    .ARM.Collect$$libinit$$00000000  c_w.l(libinit.o)
    0x08000162   0x00000000   Code   RO          632    .ARM.Collect$$libinit$$00000002  c_w.l(libinit2.o)
    0x08000162   0x00000000   Code   RO          634    .ARM.Collect$$libinit$$00000004  c_w.l(libinit2.o)
    0x08000162   0x00000000   Code   RO          637    .ARM.Collect$$libinit$$0000000A  c_w.l(libinit2.o)
    0x08000162   0x00000000   Code   RO          639    .ARM.Collect$$libinit$$0000000C  c_w.l(libinit2.o)
    0x08000162   0x00000000   Code   RO          641    .ARM.Collect$$libinit$$0000000E  c_w.l(libinit2.o)
    0x08000162   0x00000000   Code   RO          644    .ARM.Collect$$libinit$$00000011  c_w.l(libinit2.o)
    0x08000162   0x00000000   Code   RO          646    .ARM.Collect$$libinit$$00000013  c_w.l(libinit2.o)
    0x08000162   0x00000000   Code   RO          648    .ARM.Collect$$libinit$$00000015  c_w.l(libinit2.o)
    0x08000162   0x00000000   Code   RO          650    .ARM.Collect$$libinit$$00000017  c_w.l(libinit2.o)
    0x08000162   0x00000000   Code   RO          652    .ARM.Collect$$libinit$$00000019  c_w.l(libinit2.o)
    0x08000162   0x00000000   Code   RO          654    .ARM.Collect$$libinit$$0000001B  c_w.l(libinit2.o)
    0x08000162   0x00000000   Code   RO          656    .ARM.Collect$$libinit$$0000001D  c_w.l(libinit2.o)
    0x08000162   0x00000000   Code   RO          658    .ARM.Collect$$libinit$$0000001F  c_w.l(libinit2.o)
    0x08000162   0x00000000   Code   RO          660    .ARM.Collect$$libinit$$00000021  c_w.l(libinit2.o)
    0x08000162   0x00000000   Code   RO          662    .ARM.Collect$$libinit$$00000023  c_w.l(libinit2.o)
    0x08000162   0x00000000   Code   RO          664    .ARM.Collect$$libinit$$00000025  c_w.l(libinit2.o)
    0x08000162   0x00000000   Code   RO          668    .ARM.Collect$$libinit$$0000002C  c_w.l(libinit2.o)
    0x08000162   0x00000000   Code   RO          670    .ARM.Collect$$libinit$$0000002E  c_w.l(libinit2.o)
    0x08000162   0x00000000   Code   RO          672    .ARM.Collect$$libinit$$00000030  c_w.l(libinit2.o)
    0x08000162   0x00000000   Code   RO          674    .ARM.Collect$$libinit$$00000032  c_w.l(libinit2.o)
    0x08000162   0x00000002   Code   RO          675    .ARM.Collect$$libinit$$00000033  c_w.l(libinit2.o)
    0x08000164   0x00000002   Code   RO          695    .ARM.Collect$$libshutdown$$00000000  c_w.l(libshutdown.o)
    0x08000166   0x00000000   Code   RO          708    .ARM.Collect$$libshutdown$$00000002  c_w.l(libshutdown2.o)
    0x08000166   0x00000000   Code   RO          710    .ARM.Collect$$libshutdown$$00000004  c_w.l(libshutdown2.o)
    0x08000166   0x00000000   Code   RO          713    .ARM.Collect$$libshutdown$$00000007  c_w.l(libshutdown2.o)
    0x08000166   0x00000000   Code   RO          716    .ARM.Collect$$libshutdown$$0000000A  c_w.l(libshutdown2.o)
    0x08000166   0x00000000   Code   RO          718    .ARM.Collect$$libshutdown$$0000000C  c_w.l(libshutdown2.o)
    0x08000166   0x00000000   Code   RO          721    .ARM.Collect$$libshutdown$$0000000F  c_w.l(libshutdown2.o)
    0x08000166   0x00000002   Code   RO          722    .ARM.Collect$$libshutdown$$00000010  c_w.l(libshutdown2.o)
    0x08000168   0x00000000   Code   RO          595    .ARM.Collect$$rtentry$$00000000  c_w.l(__rtentry.o)
    0x08000168   0x00000000   Code   RO          602    .ARM.Collect$$rtentry$$00000002  c_w.l(__rtentry2.o)
    0x08000168   0x00000006   Code   RO          614    .ARM.Collect$$rtentry$$00000004  c_w.l(__rtentry4.o)
    0x0800016e   0x00000000   Code   RO          604    .ARM.Collect$$rtentry$$00000009  c_w.l(__rtentry2.o)
    0x0800016e   0x00000004   Code   RO          605    .ARM.Collect$$rtentry$$0000000A  c_w.l(__rtentry2.o)
    0x08000172   0x00000000   Code   RO          607    .ARM.Collect$$rtentry$$0000000C  c_w.l(__rtentry2.o)
    0x08000172   0x00000008   Code   RO          608    .ARM.Collect$$rtentry$$0000000D  c_w.l(__rtentry2.o)
    0x0800017a   0x00000002   Code   RO          629    .ARM.Collect$$rtexit$$00000000  c_w.l(rtexit.o)
    0x0800017c   0x00000000   Code   RO          677    .ARM.Collect$$rtexit$$00000002  c_w.l(rtexit2.o)
    0x0800017c   0x00000004   Code   RO          678    .ARM.Collect$$rtexit$$00000003  c_w.l(rtexit2.o)
    0x08000180   0x00000006   Code   RO          679    .ARM.Collect$$rtexit$$00000004  c_w.l(rtexit2.o)
    0x08000186   0x00000002   PAD
    0x08000188   0x000001d8   Code   RO            4    .text               stm32f1xx_hal_cortex.o
    0x08000360   0x00000b58   Code   RO          109    .text               stm32f1xx_hal_rcc.o
    0x08000eb8   0x00000a62   Code   RO          141    .text               stm32f1xx_hal_tim_ex.o
    0x0800191a   0x00000002   PAD
    0x0800191c   0x00001d68   Code   RO          165    .text               stm32f1xx_hal_tim.o
    0x08003684   0x00000120   Code   RO          190    .text               stm32f1xx_hal.o
    0x080037a4   0x0000072c   Code   RO          240    .text               stm32f1xx_hal_dma.o
    0x08003ed0   0x000002dc   Code   RO          291    .text               stm32f1xx_hal_gpio.o
    0x080041ac   0x000000bc   Code   RO          388    .text               system_stm32f1xx.o
    0x08004268   0x00000034   Code   RO          419    .text               stm32f1xx_it.o
    0x0800429c   0x000001cc   Code   RO          447    .text               main.o
    0x08004468   0x000000c4   Code   RO          484    .text               stm32f1xx_hal_msp.o
    0x0800452c   0x00000084   Code   RO          508    .text               encoder.o
    0x080045b0   0x00000040   Code   RO          567    .text               startup_stm32f103xb.o
    0x080045f0   0x00000006   Code   RO          575    .text               c_w.l(heapauxi.o)
    0x080045f6   0x0000004a   Code   RO          616    .text               c_w.l(sys_stackheap_outer.o)
    0x08004640   0x00000012   Code   RO          618    .text               c_w.l(exit.o)
    0x08004652   0x00000002   PAD
    0x08004654   0x00000008   Code   RO          626    .text               c_w.l(libspace.o)
    0x0800465c   0x0000000c   Code   RO          687    .text               c_w.l(sys_exit.o)
    0x08004668   0x00000002   Code   RO          698    .text               c_w.l(use_no_semi.o)
    0x0800466a   0x00000000   Code   RO          700    .text               c_w.l(indicate_semi.o)
    0x0800466a   0x00000010   Data   RO          110    .constdata          stm32f1xx_hal_rcc.o
    0x0800467a   0x00000010   Data   RO          389    .constdata          system_stm32f1xx.o
    0x0800468a   0x00000002   PAD
    0x0800468c   0x00000020   Data   RO          753    Region$$Table       anon$$obj.o


    Execution Region RW_IRAM1 (Base: 0x20000000, Size: 0x000006f0, Max: 0x00005000, ABSOLUTE)

    Base Addr    Size         Type   Attr      Idx    E Section Name        Object

    0x20000000   0x00000004   Data   RW          191    .data               stm32f1xx_hal.o
    0x20000004   0x00000004   Data   RW          390    .data               system_stm32f1xx.o
    0x20000008   0x0000000c   Data   RW          449    .data               main.o
    0x20000014   0x00000004   Data   RW          509    .data               encoder.o
    0x20000018   0x00000078   Zero   RW          448    .bss                main.o
    0x20000090   0x00000060   Zero   RW          627    .bss                c_w.l(libspace.o)
    0x200000f0   0x00000200   Zero   RW          565    HEAP                startup_stm32f103xb.o
    0x200002f0   0x00000400   Zero   RW          564    STACK               startup_stm32f103xb.o


==============================================================================

Image component sizes


      Code (inc. data)   RO Data    RW Data    ZI Data      Debug   Object Name

       132         12          0          4          0        788   encoder.o
       460         26          0         12        120       2343   main.o
        64         26        236          0       1536        872   startup_stm32f103xb.o
       288         20          0          4          0       3831   stm32f1xx_hal.o
       472          8          0          0          0     266282   stm32f1xx_hal_cortex.o
      1836         12          0          0          0       4924   stm32f1xx_hal_dma.o
       732         36          0          0          0       4379   stm32f1xx_hal_gpio.o
       196         14          0          0          0       1370   stm32f1xx_hal_msp.o
      2904         82         16          0          0       5809   stm32f1xx_hal_rcc.o
      7528         64          0          0          0      31812   stm32f1xx_hal_tim.o
      2658         22          0          0          0      11656   stm32f1xx_hal_tim_ex.o
        52         10          0          0          0        678   stm32f1xx_it.o
       188         40         16          4          0       1611   system_stm32f1xx.o

    ----------------------------------------------------------------------
     17512        372        302         24       1656     336355   Object Totals
         0          0         32          0          0          0   (incl. Generated)
         2          0          2          0          0          0   (incl. Padding)

    ----------------------------------------------------------------------

      Code (inc. data)   RO Data    RW Data    ZI Data      Debug   Library Member Name

         8          0          0          0          0         68   __main.o
         0          0          0          0          0          0   __rtentry.o
        12          0          0          0          0          0   __rtentry2.o
         6          0          0          0          0          0   __rtentry4.o
        52          8          0          0          0          0   __scatter.o
        26          0          0          0          0          0   __scatter_copy.o
        28          0          0          0          0          0   __scatter_zi.o
        18          0          0          0          0         80   exit.o
         6          0          0          0          0        152   heapauxi.o
         0          0          0          0          0          0   indicate_semi.o
         2          0          0          0          0          0   libinit.o
         2          0          0          0          0          0   libinit2.o
         2          0          0          0          0          0   libshutdown.o
         2          0          0          0          0          0   libshutdown2.o
         8          4          0          0         96         68   libspace.o
         2          0          0          0          0          0   rtexit.o
        10          0          0          0          0          0   rtexit2.o
        12          4          0          0          0         68   sys_exit.o
        74          0          0          0          0         80   sys_stackheap_outer.o
         2          0          0          0          0         68   use_no_semi.o

    ----------------------------------------------------------------------
       278         16          0          0         96        584   Library Totals
         6          0          0          0          0          0   (incl. Padding)

    ----------------------------------------------------------------------

      Code (inc. data)   RO Data    RW Data    ZI Data      Debug   Library Name

       272         16          0          0         96        584   c_w.l

    ----------------------------------------------------------------------
       278         16          0          0         96        584   Library Totals

    ----------------------------------------------------------------------

==============================================================================


      Code (inc. data)   RO Data    RW Data    ZI Data      Debug   

     17790        388        302         24       1752     335427   Grand Totals
     17790        388        302         24       1752     335427   ELF Image Totals
     17790        388        302         24          0          0   ROM Totals

==============================================================================

    Total RO  Size (Code + RO Data)                18092 (  17.67kB)
    Total RW  Size (RW Data + ZI Data)              1776 (   1.73kB)
    Total ROM Size (Code + RO Data + RW Data)      18116 (  17.69kB)

==============================================================================

